[Mon Apr 13 08:57:50 2026] Booting Linux on physical CPU 0x0000000000 [0x610f0000]
[Mon Apr 13 08:57:50 2026] Linux version 6.8.0-107-generic (buildd@bos03-arm64-062) (aarch64-linux-gnu-gcc-13 (Ubuntu 13.3.0-6ubuntu2~24.04.1) 13.3.0, GNU ld (GNU Binutils for Ubuntu) 2.42) #107-Ubuntu SMP PREEMPT_DYNAMIC Fri Mar 13 19:42:33 UTC 2026 (Ubuntu 6.8.0-107.107-generic 6.8.12)
[Mon Apr 13 08:57:50 2026] KASLR disabled due to lack of seed
[Mon Apr 13 08:57:50 2026] efi: EFI v2.7 by EDK II
[Mon Apr 13 08:57:50 2026] efi: ACPI 2.0=0x27c080000 SMBIOS 3.0=0x27c020000 MEMATTR=0x27e6a9a98 MOKvar=0x27f5b0000 INITRD=0x27c133718 MEMRESERVE=0x27c133698 
[Mon Apr 13 08:57:50 2026] secureboot: Secure boot disabled
[Mon Apr 13 08:57:50 2026] ACPI: Early table checksum verification disabled
[Mon Apr 13 08:57:50 2026] ACPI: RSDP 0x000000027C080000 000024 (v02 VMWARE)
[Mon Apr 13 08:57:50 2026] ACPI: XSDT 0x000000027C070000 000054 (v01 VMWARE VMWVBSA! 20201221 VMW  00000001)
[Mon Apr 13 08:57:50 2026] ACPI: FACP 0x000000027C060000 000114 (v06 VMWARE VMWVBSA! 20201221 VMW  00000001)
[Mon Apr 13 08:57:50 2026] ACPI: DSDT 0x000000027C030000 000ED4 (v01 VMWARE VMWVBSA! 01343F06 INTL 20130823)
[Mon Apr 13 08:57:50 2026] ACPI: GTDT 0x000000027C050000 000068 (v03 VMWARE VMWVBSA! 20201221 VMW  00000001)
[Mon Apr 13 08:57:50 2026] ACPI: MCFG 0x000000027C040000 00003C (v01 VMWARE VMWVBSA! 20201221 VMW  00000001)
[Mon Apr 13 08:57:50 2026] ACPI: APIC 0x000000027C000000 0001AC (v04 VMWARE VMWVBSA! 20201221 VMW  00000001)
[Mon Apr 13 08:57:50 2026] ACPI: SSDT 0x000000027BFE0000 0000AF (v02 VMWARE VMWVBSA! 20201221 VMW  00000001)
[Mon Apr 13 08:57:50 2026] ACPI: PPTT 0x000000027BFC0000 0000F0 (v02 VMWARE VMWVBSA! 20201221 VMW  00000001)
[Mon Apr 13 08:57:50 2026] NUMA: Failed to initialise from firmware
[Mon Apr 13 08:57:50 2026] NUMA: Faking a node at [mem 0x0000000080000000-0x000000027fffffff]
[Mon Apr 13 08:57:50 2026] NUMA: NODE_DATA [mem 0x27ef465c0-0x27ef4bfff]
[Mon Apr 13 08:57:50 2026] Zone ranges:
[Mon Apr 13 08:57:50 2026]   DMA      [mem 0x0000000080000000-0x00000000ffffffff]
[Mon Apr 13 08:57:50 2026]   DMA32    empty
[Mon Apr 13 08:57:50 2026]   Normal   [mem 0x0000000100000000-0x000000027fffffff]
[Mon Apr 13 08:57:50 2026]   Device   empty
[Mon Apr 13 08:57:50 2026] Movable zone start for each node
[Mon Apr 13 08:57:50 2026] Early memory node ranges
[Mon Apr 13 08:57:50 2026]   node   0: [mem 0x0000000080000000-0x00000000ffd97fff]
[Mon Apr 13 08:57:50 2026]   node   0: [mem 0x00000000ffd98000-0x00000000fffb4fff]
[Mon Apr 13 08:57:50 2026]   node   0: [mem 0x00000000fffb5000-0x000000027befffff]
[Mon Apr 13 08:57:50 2026]   node   0: [mem 0x000000027bf00000-0x000000027bfbffff]
[Mon Apr 13 08:57:50 2026]   node   0: [mem 0x000000027bfc0000-0x000000027c01ffff]
[Mon Apr 13 08:57:50 2026]   node   0: [mem 0x000000027c020000-0x000000027c02ffff]
[Mon Apr 13 08:57:50 2026]   node   0: [mem 0x000000027c030000-0x000000027c08ffff]
[Mon Apr 13 08:57:50 2026]   node   0: [mem 0x000000027c090000-0x000000027c12ffff]
[Mon Apr 13 08:57:50 2026]   node   0: [mem 0x000000027c130000-0x000000027f40ffff]
[Mon Apr 13 08:57:50 2026]   node   0: [mem 0x000000027f410000-0x000000027f49ffff]
[Mon Apr 13 08:57:50 2026]   node   0: [mem 0x000000027f4a0000-0x000000027f5affff]
[Mon Apr 13 08:57:50 2026]   node   0: [mem 0x000000027f5b0000-0x000000027f5cffff]
[Mon Apr 13 08:57:50 2026]   node   0: [mem 0x000000027f5d0000-0x000000027fffffff]
[Mon Apr 13 08:57:50 2026] Initmem setup node 0 [mem 0x0000000080000000-0x000000027fffffff]
[Mon Apr 13 08:57:50 2026] cma: Reserved 32 MiB at 0x00000000fdc00000 on node -1
[Mon Apr 13 08:57:50 2026] psci: probing for conduit method from ACPI.
[Mon Apr 13 08:57:50 2026] psci: PSCIv0.2 detected in firmware.
[Mon Apr 13 08:57:50 2026] psci: Using standard PSCI v0.2 function IDs
[Mon Apr 13 08:57:50 2026] psci: Trusted OS migration not required
[Mon Apr 13 08:57:50 2026] percpu: Embedded 54 pages/cpu s95016 r8192 d117976 u221184
[Mon Apr 13 08:57:50 2026] pcpu-alloc: s95016 r8192 d117976 u221184 alloc=54*4096
[Mon Apr 13 08:57:50 2026] pcpu-alloc: [0] 0 [0] 1 [0] 2 [0] 3 
[Mon Apr 13 08:57:50 2026] Detected PIPT I-cache on CPU0
[Mon Apr 13 08:57:50 2026] CPU features: detected: Address authentication (IMP DEF algorithm)
[Mon Apr 13 08:57:50 2026] CPU features: detected: GIC system register CPU interface
[Mon Apr 13 08:57:50 2026] CPU features: detected: Spectre-v4
[Mon Apr 13 08:57:50 2026] CPU features: detected: Spectre-BHB
[Mon Apr 13 08:57:50 2026] alternatives: applying boot alternatives
[Mon Apr 13 08:57:50 2026] Kernel command line: BOOT_IMAGE=/vmlinuz-6.8.0-107-generic root=/dev/mapper/ubuntu--vg-ubuntu--lv ro
[Mon Apr 13 08:57:50 2026] Dentry cache hash table entries: 1048576 (order: 11, 8388608 bytes, linear)
[Mon Apr 13 08:57:50 2026] Inode-cache hash table entries: 524288 (order: 10, 4194304 bytes, linear)
[Mon Apr 13 08:57:50 2026] Fallback order for Node 0: 0 
[Mon Apr 13 08:57:50 2026] Built 1 zonelists, mobility grouping on.  Total pages: 2064384
[Mon Apr 13 08:57:50 2026] Policy zone: Normal
[Mon Apr 13 08:57:50 2026] mem auto-init: stack:all(zero), heap alloc:on, heap free:off
[Mon Apr 13 08:57:50 2026] software IO TLB: area num 4.
[Mon Apr 13 08:57:50 2026] software IO TLB: mapped [mem 0x00000000f9c00000-0x00000000fdc00000] (64MB)
[Mon Apr 13 08:57:50 2026] Memory: 7986608K/8388608K available (23488K kernel code, 5208K rwdata, 16440K rodata, 12288K init, 1233K bss, 369232K reserved, 32768K cma-reserved)
[Mon Apr 13 08:57:50 2026] SLUB: HWalign=64, Order=0-3, MinObjects=0, CPUs=4, Nodes=1
[Mon Apr 13 08:57:50 2026] ftrace: allocating 63084 entries in 247 pages
[Mon Apr 13 08:57:50 2026] ftrace: allocated 247 pages with 7 groups
[Mon Apr 13 08:57:50 2026] Dynamic Preempt: voluntary
[Mon Apr 13 08:57:50 2026] rcu: Preemptible hierarchical RCU implementation.
[Mon Apr 13 08:57:50 2026] rcu: 	RCU restricting CPUs from NR_CPUS=512 to nr_cpu_ids=4.
[Mon Apr 13 08:57:50 2026] 	Trampoline variant of Tasks RCU enabled.
[Mon Apr 13 08:57:50 2026] 	Rude variant of Tasks RCU enabled.
[Mon Apr 13 08:57:50 2026] 	Tracing variant of Tasks RCU enabled.
[Mon Apr 13 08:57:50 2026] rcu: RCU calculated value of scheduler-enlistment delay is 100 jiffies.
[Mon Apr 13 08:57:50 2026] rcu: Adjusting geometry for rcu_fanout_leaf=16, nr_cpu_ids=4
[Mon Apr 13 08:57:50 2026] RCU Tasks: Setting shift to 2 and lim to 1 rcu_task_cb_adjust=1 rcu_task_cpu_ids=4.
[Mon Apr 13 08:57:50 2026] RCU Tasks Rude: Setting shift to 2 and lim to 1 rcu_task_cb_adjust=1 rcu_task_cpu_ids=4.
[Mon Apr 13 08:57:50 2026] RCU Tasks Trace: Setting shift to 2 and lim to 1 rcu_task_cb_adjust=1 rcu_task_cpu_ids=4.
[Mon Apr 13 08:57:50 2026] NR_IRQS: 64, nr_irqs: 64, preallocated irqs: 0
[Mon Apr 13 08:57:50 2026] GICv3: 960 SPIs implemented
[Mon Apr 13 08:57:50 2026] GICv3: 0 Extended SPIs implemented
[Mon Apr 13 08:57:50 2026] Root IRQ handler: gic_handle_irq
[Mon Apr 13 08:57:50 2026] GICv3: GICv3 features: 16 PPIs
[Mon Apr 13 08:57:50 2026] GICv3: CPU0: found redistributor 0 region 0:0x000000002c100000
[Mon Apr 13 08:57:50 2026] GICv2m: range[mem 0x2c080000-0x2c080fff], SPI[64:990]
[Mon Apr 13 08:57:50 2026] rcu: srcu_init: Setting srcu_struct sizes based on contention.
[Mon Apr 13 08:57:50 2026] arch_timer: cp15 timer(s) running at 24.00MHz (virt).
[Mon Apr 13 08:57:50 2026] clocksource: arch_sys_counter: mask: 0xffffffffffffff max_cycles: 0x588fe9dc0, max_idle_ns: 440795202592 ns
[Mon Apr 13 08:57:50 2026] sched_clock: 56 bits at 24MHz, resolution 41ns, wraps every 4398046511097ns
[Mon Apr 13 08:57:50 2026] Console: colour dummy device 80x25
[Mon Apr 13 08:57:50 2026] printk: legacy console [tty0] enabled
[Mon Apr 13 08:57:50 2026] ACPI: Core revision 20230628
[Mon Apr 13 08:57:50 2026] Calibrating delay loop (skipped), value calculated using timer frequency.. 48.00 BogoMIPS (lpj=24000)
[Mon Apr 13 08:57:50 2026] pid_max: default: 32768 minimum: 301
[Mon Apr 13 08:57:50 2026] LSM: initializing lsm=lockdown,capability,landlock,yama,apparmor,integrity
[Mon Apr 13 08:57:50 2026] landlock: Up and running.
[Mon Apr 13 08:57:50 2026] Yama: becoming mindful.
[Mon Apr 13 08:57:50 2026] AppArmor: AppArmor initialized
[Mon Apr 13 08:57:50 2026] Mount-cache hash table entries: 16384 (order: 5, 131072 bytes, linear)
[Mon Apr 13 08:57:50 2026] Mountpoint-cache hash table entries: 16384 (order: 5, 131072 bytes, linear)
[Mon Apr 13 08:57:50 2026] rcu: Hierarchical SRCU implementation.
[Mon Apr 13 08:57:50 2026] rcu: 	Max phase no-delay instances is 400.
[Mon Apr 13 08:57:50 2026] Remapping and enabling EFI services.
[Mon Apr 13 08:57:50 2026] smp: Bringing up secondary CPUs ...
[Mon Apr 13 08:57:50 2026] Detected PIPT I-cache on CPU1
[Mon Apr 13 08:57:50 2026] GICv3: CPU1: found redistributor 1 region 0:0x000000002c120000
[Mon Apr 13 08:57:50 2026] CPU1: Booted secondary processor 0x0000000001 [0x610f0000]
[Mon Apr 13 08:57:50 2026] Detected PIPT I-cache on CPU2
[Mon Apr 13 08:57:50 2026] GICv3: CPU2: found redistributor 2 region 0:0x000000002c140000
[Mon Apr 13 08:57:50 2026] CPU2: Booted secondary processor 0x0000000002 [0x610f0000]
[Mon Apr 13 08:57:50 2026] Detected PIPT I-cache on CPU3
[Mon Apr 13 08:57:50 2026] GICv3: CPU3: found redistributor 3 region 0:0x000000002c160000
[Mon Apr 13 08:57:50 2026] CPU3: Booted secondary processor 0x0000000003 [0x610f0000]
[Mon Apr 13 08:57:50 2026] smp: Brought up 1 node, 4 CPUs
[Mon Apr 13 08:57:50 2026] SMP: Total of 4 processors activated.
[Mon Apr 13 08:57:50 2026] CPU: All CPU(s) started at EL1
[Mon Apr 13 08:57:50 2026] CPU features: detected: ARMv8.4 Translation Table Level
[Mon Apr 13 08:57:50 2026] CPU features: detected: Data cache clean to the PoU not required for I/D coherence
[Mon Apr 13 08:57:50 2026] CPU features: detected: Common not Private translations
[Mon Apr 13 08:57:50 2026] CPU features: detected: CRC32 instructions
[Mon Apr 13 08:57:50 2026] CPU features: detected: Data cache clean to Point of Deep Persistence
[Mon Apr 13 08:57:50 2026] CPU features: detected: Data cache clean to Point of Persistence
[Mon Apr 13 08:57:50 2026] CPU features: detected: Data independent timing control (DIT)
[Mon Apr 13 08:57:50 2026] CPU features: detected: E0PD
[Mon Apr 13 08:57:50 2026] CPU features: detected: Generic authentication (IMP DEF algorithm)
[Mon Apr 13 08:57:50 2026] CPU features: detected: RCpc load-acquire (LDAPR)
[Mon Apr 13 08:57:50 2026] CPU features: detected: LSE atomic instructions
[Mon Apr 13 08:57:50 2026] CPU features: detected: Privileged Access Never
[Mon Apr 13 08:57:50 2026] CPU features: detected: RAS Extension Support
[Mon Apr 13 08:57:50 2026] CPU features: detected: Speculation barrier (SB)
[Mon Apr 13 08:57:50 2026] CPU features: detected: TLB range maintenance instructions
[Mon Apr 13 08:57:50 2026] CPU features: detected: Speculative Store Bypassing Safe (SSBS)
[Mon Apr 13 08:57:50 2026] alternatives: applying system-wide alternatives
[Mon Apr 13 08:57:50 2026] devtmpfs: initialized
[Mon Apr 13 08:57:50 2026] setend instruction emulation is not supported on this system
[Mon Apr 13 08:57:50 2026] clocksource: jiffies: mask: 0xffffffff max_cycles: 0xffffffff, max_idle_ns: 1911260446275000 ns
[Mon Apr 13 08:57:50 2026] futex hash table entries: 1024 (order: 4, 65536 bytes, linear)
[Mon Apr 13 08:57:50 2026] pinctrl core: initialized pinctrl subsystem
[Mon Apr 13 08:57:50 2026] SMBIOS 3.2.0 present.
[Mon Apr 13 08:57:50 2026] DMI: VMware, Inc. VMware20,1/VBSA, BIOS VMW201.00V.24006586.BA64.2406042154 06/04/2024
[Mon Apr 13 08:57:50 2026] NET: Registered PF_NETLINK/PF_ROUTE protocol family
[Mon Apr 13 08:57:50 2026] DMA: preallocated 1024 KiB GFP_KERNEL pool for atomic allocations
[Mon Apr 13 08:57:50 2026] DMA: preallocated 1024 KiB GFP_KERNEL|GFP_DMA pool for atomic allocations
[Mon Apr 13 08:57:50 2026] DMA: preallocated 1024 KiB GFP_KERNEL|GFP_DMA32 pool for atomic allocations
[Mon Apr 13 08:57:50 2026] audit: initializing netlink subsys (disabled)
[Mon Apr 13 08:57:50 2026] audit: type=2000 audit(0.013:1): state=initialized audit_enabled=0 res=1
[Mon Apr 13 08:57:50 2026] thermal_sys: Registered thermal governor 'fair_share'
[Mon Apr 13 08:57:50 2026] thermal_sys: Registered thermal governor 'bang_bang'
[Mon Apr 13 08:57:50 2026] thermal_sys: Registered thermal governor 'step_wise'
[Mon Apr 13 08:57:50 2026] thermal_sys: Registered thermal governor 'user_space'
[Mon Apr 13 08:57:50 2026] thermal_sys: Registered thermal governor 'power_allocator'
[Mon Apr 13 08:57:50 2026] cpuidle: using governor ladder
[Mon Apr 13 08:57:50 2026] cpuidle: using governor menu
[Mon Apr 13 08:57:50 2026] hw-breakpoint: found 2 breakpoint and 2 watchpoint registers.
[Mon Apr 13 08:57:50 2026] ASID allocator initialised with 256 entries
[Mon Apr 13 08:57:50 2026] acpiphp: ACPI Hot Plug PCI Controller Driver version: 0.5
[Mon Apr 13 08:57:50 2026] Serial: AMBA PL011 UART driver
[Mon Apr 13 08:57:50 2026] Modules: 18048 pages in range for non-PLT usage
[Mon Apr 13 08:57:50 2026] Modules: 509568 pages in range for PLT usage
[Mon Apr 13 08:57:50 2026] HugeTLB: registered 1.00 GiB page size, pre-allocated 0 pages
[Mon Apr 13 08:57:50 2026] HugeTLB: 0 KiB vmemmap can be freed for a 1.00 GiB page
[Mon Apr 13 08:57:50 2026] HugeTLB: registered 32.0 MiB page size, pre-allocated 0 pages
[Mon Apr 13 08:57:50 2026] HugeTLB: 0 KiB vmemmap can be freed for a 32.0 MiB page
[Mon Apr 13 08:57:50 2026] HugeTLB: registered 2.00 MiB page size, pre-allocated 0 pages
[Mon Apr 13 08:57:50 2026] HugeTLB: 0 KiB vmemmap can be freed for a 2.00 MiB page
[Mon Apr 13 08:57:50 2026] HugeTLB: registered 64.0 KiB page size, pre-allocated 0 pages
[Mon Apr 13 08:57:50 2026] HugeTLB: 0 KiB vmemmap can be freed for a 64.0 KiB page
[Mon Apr 13 08:57:50 2026] fbcon: Taking over console
[Mon Apr 13 08:57:50 2026] ACPI: Added _OSI(Module Device)
[Mon Apr 13 08:57:50 2026] ACPI: Added _OSI(Processor Device)
[Mon Apr 13 08:57:50 2026] ACPI: Added _OSI(Processor Aggregator Device)
[Mon Apr 13 08:57:50 2026] ACPI: 2 ACPI AML tables successfully acquired and loaded
[Mon Apr 13 08:57:50 2026] ACPI: Interpreter enabled
[Mon Apr 13 08:57:50 2026] ACPI: Using GIC for interrupt routing
[Mon Apr 13 08:57:50 2026] ACPI: MCFG table detected, 1 entries
[Mon Apr 13 08:57:50 2026] ACPI: PCI Root Bridge [PCI0] (domain 0000 [bus 00-ff])
[Mon Apr 13 08:57:50 2026] acpi PNP0A08:00: _OSC: OS supports [ExtendedConfig ASPM ClockPM Segments MSI EDR HPX-Type3]
[Mon Apr 13 08:57:50 2026] acpi PNP0A08:00: _OSC: platform does not support [SHPCHotplug LTR DPC]
[Mon Apr 13 08:57:50 2026] acpi PNP0A08:00: _OSC: OS now controls [PCIeHotplug PME AER PCIeCapability]
[Mon Apr 13 08:57:50 2026] acpi PNP0A08:00: ECAM area [mem 0x40000000-0x4fffffff] reserved by PNP0C02:00
[Mon Apr 13 08:57:50 2026] acpi PNP0A08:00: ECAM at [mem 0x40000000-0x4fffffff] for [bus 00-ff]
[Mon Apr 13 08:57:50 2026] PCI host bridge to bus 0000:00
[Mon Apr 13 08:57:50 2026] pci_bus 0000:00: root bus resource [mem 0x30000000-0x3ffeffff window]
[Mon Apr 13 08:57:50 2026] pci_bus 0000:00: root bus resource [mem 0x50000000-0x7fffffff window]
[Mon Apr 13 08:57:50 2026] pci_bus 0000:00: root bus resource [bus 00-ff]
[Mon Apr 13 08:57:50 2026] pci 0000:00:00.0: [15ad:1976] type 00 class 0x060000 conventional PCI endpoint
[Mon Apr 13 08:57:50 2026] pci 0000:00:00.7: [15ad:0740] type 00 class 0x088000 conventional PCI endpoint
[Mon Apr 13 08:57:50 2026] pci 0000:00:00.7: BAR 0 [io  0xd000-0xd03f]
[Mon Apr 13 08:57:50 2026] pci 0000:00:00.7: BAR 1 [mem 0x3de00000-0x3de3ffff 64bit]
[Mon Apr 13 08:57:50 2026] pci 0000:00:0f.0: [15ad:0406] type 00 class 0x030000 conventional PCI endpoint
[Mon Apr 13 08:57:50 2026] pci 0000:00:0f.0: BAR 0 [mem 0x3d000000-0x3d3fffff 64bit]
[Mon Apr 13 08:57:50 2026] pci 0000:00:0f.0: BAR 2 [mem 0x70000000-0x77ffffff 64bit pref]
[Mon Apr 13 08:57:50 2026] pci 0000:00:11.0: [15ad:0790] type 01 class 0x060401 conventional PCI bridge
[Mon Apr 13 08:57:50 2026] pci 0000:00:11.0: PCI bridge to [bus 01] (subtractive decode)
[Mon Apr 13 08:57:50 2026] pci 0000:00:11.0:   bridge window [io  0xc000-0xcfff]
[Mon Apr 13 08:57:50 2026] pci 0000:00:11.0:   bridge window [mem 0x3d400000-0x3ddfffff]
[Mon Apr 13 08:57:50 2026] pci 0000:00:11.0:   bridge window [mem 0x78000000-0x784fffff 64bit pref]
[Mon Apr 13 08:57:50 2026] pci 0000:00:15.0: [15ad:07a0] type 01 class 0x060400 PCIe Root Port
[Mon Apr 13 08:57:50 2026] pci 0000:00:15.0: PCI bridge to [bus 02]
[Mon Apr 13 08:57:50 2026] pci 0000:00:15.0:   bridge window [io  0xf000-0xffff]
[Mon Apr 13 08:57:50 2026] pci 0000:00:15.0:   bridge window [mem 0x3fe00000-0x3fefffff]
[Mon Apr 13 08:57:50 2026] pci 0000:00:15.0: PME# supported from D0 D3hot D3cold
[Mon Apr 13 08:57:50 2026] pci 0000:00:15.1: [15ad:07a0] type 01 class 0x060400 PCIe Root Port
[Mon Apr 13 08:57:50 2026] pci 0000:00:15.1: PCI bridge to [bus 03]
[Mon Apr 13 08:57:50 2026] pci 0000:00:15.1:   bridge window [mem 0x3fd00000-0x3fdfffff]
[Mon Apr 13 08:57:50 2026] pci 0000:00:15.1:   bridge window [mem 0x7a100000-0x7a1fffff 64bit pref]
[Mon Apr 13 08:57:50 2026] pci 0000:00:15.1: PME# supported from D0 D3hot D3cold
[Mon Apr 13 08:57:50 2026] pci 0000:00:15.2: [15ad:07a0] type 01 class 0x060400 PCIe Root Port
[Mon Apr 13 08:57:50 2026] pci 0000:00:15.2: PCI bridge to [bus 04]
[Mon Apr 13 08:57:50 2026] pci 0000:00:15.2:   bridge window [mem 0x3fc00000-0x3fcfffff]
[Mon Apr 13 08:57:50 2026] pci 0000:00:15.2:   bridge window [mem 0x7a000000-0x7a0fffff 64bit pref]
[Mon Apr 13 08:57:50 2026] pci 0000:00:15.2: PME# supported from D0 D3hot D3cold
[Mon Apr 13 08:57:50 2026] pci 0000:00:15.3: [15ad:07a0] type 01 class 0x060400 PCIe Root Port
[Mon Apr 13 08:57:50 2026] pci 0000:00:15.3: PCI bridge to [bus 05]
[Mon Apr 13 08:57:50 2026] pci 0000:00:15.3:   bridge window [mem 0x3fb00000-0x3fbfffff]
[Mon Apr 13 08:57:50 2026] pci 0000:00:15.3:   bridge window [mem 0x79f00000-0x79ffffff 64bit pref]
[Mon Apr 13 08:57:50 2026] pci 0000:00:15.3: PME# supported from D0 D3hot D3cold
[Mon Apr 13 08:57:50 2026] pci 0000:00:15.4: [15ad:07a0] type 01 class 0x060400 PCIe Root Port
[Mon Apr 13 08:57:50 2026] pci 0000:00:15.4: PCI bridge to [bus 06]
[Mon Apr 13 08:57:50 2026] pci 0000:00:15.4:   bridge window [mem 0x3fa00000-0x3fafffff]
[Mon Apr 13 08:57:50 2026] pci 0000:00:15.4:   bridge window [mem 0x79e00000-0x79efffff 64bit pref]
[Mon Apr 13 08:57:50 2026] pci 0000:00:15.4: PME# supported from D0 D3hot D3cold
[Mon Apr 13 08:57:50 2026] pci 0000:00:15.5: [15ad:07a0] type 01 class 0x060400 PCIe Root Port
[Mon Apr 13 08:57:50 2026] pci 0000:00:15.5: PCI bridge to [bus 07]
[Mon Apr 13 08:57:50 2026] pci 0000:00:15.5:   bridge window [mem 0x3f900000-0x3f9fffff]
[Mon Apr 13 08:57:50 2026] pci 0000:00:15.5:   bridge window [mem 0x79d00000-0x79dfffff 64bit pref]
[Mon Apr 13 08:57:50 2026] pci 0000:00:15.5: PME# supported from D0 D3hot D3cold
[Mon Apr 13 08:57:50 2026] pci 0000:00:15.6: [15ad:07a0] type 01 class 0x060400 PCIe Root Port
[Mon Apr 13 08:57:50 2026] pci 0000:00:15.6: PCI bridge to [bus 08]
[Mon Apr 13 08:57:50 2026] pci 0000:00:15.6:   bridge window [mem 0x3f800000-0x3f8fffff]
[Mon Apr 13 08:57:50 2026] pci 0000:00:15.6:   bridge window [mem 0x79c00000-0x79cfffff 64bit pref]
[Mon Apr 13 08:57:50 2026] pci 0000:00:15.6: PME# supported from D0 D3hot D3cold
[Mon Apr 13 08:57:50 2026] pci 0000:00:15.7: [15ad:07a0] type 01 class 0x060400 PCIe Root Port
[Mon Apr 13 08:57:50 2026] pci 0000:00:15.7: PCI bridge to [bus 09]
[Mon Apr 13 08:57:50 2026] pci 0000:00:15.7:   bridge window [mem 0x3f700000-0x3f7fffff]
[Mon Apr 13 08:57:50 2026] pci 0000:00:15.7:   bridge window [mem 0x79b00000-0x79bfffff 64bit pref]
[Mon Apr 13 08:57:50 2026] pci 0000:00:15.7: PME# supported from D0 D3hot D3cold
[Mon Apr 13 08:57:50 2026] pci 0000:00:16.0: [15ad:07a0] type 01 class 0x060400 PCIe Root Port
[Mon Apr 13 08:57:50 2026] pci 0000:00:16.0: PCI bridge to [bus 0a]
[Mon Apr 13 08:57:50 2026] pci 0000:00:16.0:   bridge window [mem 0x3f600000-0x3f6fffff]
[Mon Apr 13 08:57:50 2026] pci 0000:00:16.0: PME# supported from D0 D3hot D3cold
[Mon Apr 13 08:57:50 2026] pci 0000:00:16.1: [15ad:07a0] type 01 class 0x060400 PCIe Root Port
[Mon Apr 13 08:57:50 2026] pci 0000:00:16.1: PCI bridge to [bus 0b]
[Mon Apr 13 08:57:50 2026] pci 0000:00:16.1:   bridge window [mem 0x3f500000-0x3f5fffff]
[Mon Apr 13 08:57:50 2026] pci 0000:00:16.1:   bridge window [mem 0x79a00000-0x79afffff 64bit pref]
[Mon Apr 13 08:57:50 2026] pci 0000:00:16.1: PME# supported from D0 D3hot D3cold
[Mon Apr 13 08:57:50 2026] pci 0000:00:16.2: [15ad:07a0] type 01 class 0x060400 PCIe Root Port
[Mon Apr 13 08:57:50 2026] pci 0000:00:16.2: PCI bridge to [bus 0c]
[Mon Apr 13 08:57:50 2026] pci 0000:00:16.2:   bridge window [mem 0x3f400000-0x3f4fffff]
[Mon Apr 13 08:57:50 2026] pci 0000:00:16.2:   bridge window [mem 0x79900000-0x799fffff 64bit pref]
[Mon Apr 13 08:57:50 2026] pci 0000:00:16.2: PME# supported from D0 D3hot D3cold
[Mon Apr 13 08:57:50 2026] pci 0000:00:16.3: [15ad:07a0] type 01 class 0x060400 PCIe Root Port
[Mon Apr 13 08:57:50 2026] pci 0000:00:16.3: PCI bridge to [bus 0d]
[Mon Apr 13 08:57:50 2026] pci 0000:00:16.3:   bridge window [mem 0x3f300000-0x3f3fffff]
[Mon Apr 13 08:57:50 2026] pci 0000:00:16.3:   bridge window [mem 0x79800000-0x798fffff 64bit pref]
[Mon Apr 13 08:57:50 2026] pci 0000:00:16.3: PME# supported from D0 D3hot D3cold
[Mon Apr 13 08:57:50 2026] pci 0000:00:16.4: [15ad:07a0] type 01 class 0x060400 PCIe Root Port
[Mon Apr 13 08:57:50 2026] pci 0000:00:16.4: PCI bridge to [bus 0e]
[Mon Apr 13 08:57:50 2026] pci 0000:00:16.4:   bridge window [mem 0x3f200000-0x3f2fffff]
[Mon Apr 13 08:57:50 2026] pci 0000:00:16.4:   bridge window [mem 0x79700000-0x797fffff 64bit pref]
[Mon Apr 13 08:57:50 2026] pci 0000:00:16.4: PME# supported from D0 D3hot D3cold
[Mon Apr 13 08:57:50 2026] pci 0000:00:16.5: [15ad:07a0] type 01 class 0x060400 PCIe Root Port
[Mon Apr 13 08:57:50 2026] pci 0000:00:16.5: PCI bridge to [bus 0f]
[Mon Apr 13 08:57:50 2026] pci 0000:00:16.5:   bridge window [mem 0x3f100000-0x3f1fffff]
[Mon Apr 13 08:57:50 2026] pci 0000:00:16.5:   bridge window [mem 0x79600000-0x796fffff 64bit pref]
[Mon Apr 13 08:57:50 2026] pci 0000:00:16.5: PME# supported from D0 D3hot D3cold
[Mon Apr 13 08:57:50 2026] pci 0000:00:16.6: [15ad:07a0] type 01 class 0x060400 PCIe Root Port
[Mon Apr 13 08:57:50 2026] pci 0000:00:16.6: PCI bridge to [bus 10]
[Mon Apr 13 08:57:50 2026] pci 0000:00:16.6:   bridge window [mem 0x3f000000-0x3f0fffff]
[Mon Apr 13 08:57:50 2026] pci 0000:00:16.6:   bridge window [mem 0x79500000-0x795fffff 64bit pref]
[Mon Apr 13 08:57:50 2026] pci 0000:00:16.6: PME# supported from D0 D3hot D3cold
[Mon Apr 13 08:57:50 2026] pci 0000:00:16.7: [15ad:07a0] type 01 class 0x060400 PCIe Root Port
[Mon Apr 13 08:57:50 2026] pci 0000:00:16.7: PCI bridge to [bus 11]
[Mon Apr 13 08:57:50 2026] pci 0000:00:16.7:   bridge window [mem 0x3ef00000-0x3effffff]
[Mon Apr 13 08:57:50 2026] pci 0000:00:16.7:   bridge window [mem 0x79400000-0x794fffff 64bit pref]
[Mon Apr 13 08:57:50 2026] pci 0000:00:16.7: PME# supported from D0 D3hot D3cold
[Mon Apr 13 08:57:50 2026] pci 0000:00:17.0: [15ad:07a0] type 01 class 0x060400 PCIe Root Port
[Mon Apr 13 08:57:50 2026] pci 0000:00:17.0: PCI bridge to [bus 12]
[Mon Apr 13 08:57:50 2026] pci 0000:00:17.0:   bridge window [io  0xe000-0xefff]
[Mon Apr 13 08:57:50 2026] pci 0000:00:17.0:   bridge window [mem 0x3ee00000-0x3eefffff]
[Mon Apr 13 08:57:50 2026] pci 0000:00:17.0: PME# supported from D0 D3hot D3cold
[Mon Apr 13 08:57:50 2026] pci 0000:00:17.1: [15ad:07a0] type 01 class 0x060400 PCIe Root Port
[Mon Apr 13 08:57:50 2026] pci 0000:00:17.1: PCI bridge to [bus 13]
[Mon Apr 13 08:57:50 2026] pci 0000:00:17.1:   bridge window [mem 0x3ed00000-0x3edfffff]
[Mon Apr 13 08:57:50 2026] pci 0000:00:17.1:   bridge window [mem 0x79300000-0x793fffff 64bit pref]
[Mon Apr 13 08:57:50 2026] pci 0000:00:17.1: PME# supported from D0 D3hot D3cold
[Mon Apr 13 08:57:50 2026] pci 0000:00:17.2: [15ad:07a0] type 01 class 0x060400 PCIe Root Port
[Mon Apr 13 08:57:50 2026] pci 0000:00:17.2: PCI bridge to [bus 14]
[Mon Apr 13 08:57:50 2026] pci 0000:00:17.2:   bridge window [mem 0x3ec00000-0x3ecfffff]
[Mon Apr 13 08:57:50 2026] pci 0000:00:17.2:   bridge window [mem 0x79200000-0x792fffff 64bit pref]
[Mon Apr 13 08:57:50 2026] pci 0000:00:17.2: PME# supported from D0 D3hot D3cold
[Mon Apr 13 08:57:50 2026] pci 0000:00:17.3: [15ad:07a0] type 01 class 0x060400 PCIe Root Port
[Mon Apr 13 08:57:50 2026] pci 0000:00:17.3: PCI bridge to [bus 15]
[Mon Apr 13 08:57:50 2026] pci 0000:00:17.3:   bridge window [mem 0x3eb00000-0x3ebfffff]
[Mon Apr 13 08:57:50 2026] pci 0000:00:17.3:   bridge window [mem 0x79100000-0x791fffff 64bit pref]
[Mon Apr 13 08:57:50 2026] pci 0000:00:17.3: PME# supported from D0 D3hot D3cold
[Mon Apr 13 08:57:50 2026] pci 0000:00:17.4: [15ad:07a0] type 01 class 0x060400 PCIe Root Port
[Mon Apr 13 08:57:50 2026] pci 0000:00:17.4: PCI bridge to [bus 16]
[Mon Apr 13 08:57:50 2026] pci 0000:00:17.4:   bridge window [mem 0x3ea00000-0x3eafffff]
[Mon Apr 13 08:57:50 2026] pci 0000:00:17.4:   bridge window [mem 0x79000000-0x790fffff 64bit pref]
[Mon Apr 13 08:57:50 2026] pci 0000:00:17.4: PME# supported from D0 D3hot D3cold
[Mon Apr 13 08:57:50 2026] pci 0000:00:17.5: [15ad:07a0] type 01 class 0x060400 PCIe Root Port
[Mon Apr 13 08:57:50 2026] pci 0000:00:17.5: PCI bridge to [bus 17]
[Mon Apr 13 08:57:50 2026] pci 0000:00:17.5:   bridge window [mem 0x3e900000-0x3e9fffff]
[Mon Apr 13 08:57:50 2026] pci 0000:00:17.5:   bridge window [mem 0x78f00000-0x78ffffff 64bit pref]
[Mon Apr 13 08:57:50 2026] pci 0000:00:17.5: PME# supported from D0 D3hot D3cold
[Mon Apr 13 08:57:50 2026] pci 0000:00:17.6: [15ad:07a0] type 01 class 0x060400 PCIe Root Port
[Mon Apr 13 08:57:50 2026] pci 0000:00:17.6: PCI bridge to [bus 18]
[Mon Apr 13 08:57:50 2026] pci 0000:00:17.6:   bridge window [mem 0x3e800000-0x3e8fffff]
[Mon Apr 13 08:57:50 2026] pci 0000:00:17.6:   bridge window [mem 0x78e00000-0x78efffff 64bit pref]
[Mon Apr 13 08:57:50 2026] pci 0000:00:17.6: PME# supported from D0 D3hot D3cold
[Mon Apr 13 08:57:50 2026] pci 0000:00:17.7: [15ad:07a0] type 01 class 0x060400 PCIe Root Port
[Mon Apr 13 08:57:50 2026] pci 0000:00:17.7: PCI bridge to [bus 19]
[Mon Apr 13 08:57:50 2026] pci 0000:00:17.7:   bridge window [mem 0x3e700000-0x3e7fffff]
[Mon Apr 13 08:57:50 2026] pci 0000:00:17.7:   bridge window [mem 0x78d00000-0x78dfffff 64bit pref]
[Mon Apr 13 08:57:50 2026] pci 0000:00:17.7: PME# supported from D0 D3hot D3cold
[Mon Apr 13 08:57:50 2026] pci 0000:00:18.0: [15ad:07a0] type 01 class 0x060400 PCIe Root Port
[Mon Apr 13 08:57:50 2026] pci 0000:00:18.0: PCI bridge to [bus 1a]
[Mon Apr 13 08:57:50 2026] pci 0000:00:18.0:   bridge window [mem 0x3e600000-0x3e6fffff]
[Mon Apr 13 08:57:50 2026] pci 0000:00:18.0:   bridge window [mem 0x78c00000-0x78cfffff 64bit pref]
[Mon Apr 13 08:57:50 2026] pci 0000:00:18.0: PME# supported from D0 D3hot D3cold
[Mon Apr 13 08:57:50 2026] pci 0000:00:18.1: [15ad:07a0] type 01 class 0x060400 PCIe Root Port
[Mon Apr 13 08:57:50 2026] pci 0000:00:18.1: PCI bridge to [bus 1b]
[Mon Apr 13 08:57:50 2026] pci 0000:00:18.1:   bridge window [mem 0x3e500000-0x3e5fffff]
[Mon Apr 13 08:57:50 2026] pci 0000:00:18.1:   bridge window [mem 0x78b00000-0x78bfffff 64bit pref]
[Mon Apr 13 08:57:50 2026] pci 0000:00:18.1: PME# supported from D0 D3hot D3cold
[Mon Apr 13 08:57:50 2026] pci 0000:00:18.2: [15ad:07a0] type 01 class 0x060400 PCIe Root Port
[Mon Apr 13 08:57:50 2026] pci 0000:00:18.2: PCI bridge to [bus 1c]
[Mon Apr 13 08:57:50 2026] pci 0000:00:18.2:   bridge window [mem 0x3e400000-0x3e4fffff]
[Mon Apr 13 08:57:50 2026] pci 0000:00:18.2:   bridge window [mem 0x78a00000-0x78afffff 64bit pref]
[Mon Apr 13 08:57:50 2026] pci 0000:00:18.2: PME# supported from D0 D3hot D3cold
[Mon Apr 13 08:57:50 2026] pci 0000:00:18.3: [15ad:07a0] type 01 class 0x060400 PCIe Root Port
[Mon Apr 13 08:57:50 2026] pci 0000:00:18.3: PCI bridge to [bus 1d]
[Mon Apr 13 08:57:50 2026] pci 0000:00:18.3:   bridge window [mem 0x3e300000-0x3e3fffff]
[Mon Apr 13 08:57:50 2026] pci 0000:00:18.3:   bridge window [mem 0x78900000-0x789fffff 64bit pref]
[Mon Apr 13 08:57:50 2026] pci 0000:00:18.3: PME# supported from D0 D3hot D3cold
[Mon Apr 13 08:57:50 2026] pci 0000:00:18.4: [15ad:07a0] type 01 class 0x060400 PCIe Root Port
[Mon Apr 13 08:57:50 2026] pci 0000:00:18.4: PCI bridge to [bus 1e]
[Mon Apr 13 08:57:50 2026] pci 0000:00:18.4:   bridge window [mem 0x3e200000-0x3e2fffff]
[Mon Apr 13 08:57:50 2026] pci 0000:00:18.4:   bridge window [mem 0x78800000-0x788fffff 64bit pref]
[Mon Apr 13 08:57:50 2026] pci 0000:00:18.4: PME# supported from D0 D3hot D3cold
[Mon Apr 13 08:57:50 2026] pci 0000:00:18.5: [15ad:07a0] type 01 class 0x060400 PCIe Root Port
[Mon Apr 13 08:57:50 2026] pci 0000:00:18.5: PCI bridge to [bus 1f]
[Mon Apr 13 08:57:50 2026] pci 0000:00:18.5:   bridge window [mem 0x3e100000-0x3e1fffff]
[Mon Apr 13 08:57:50 2026] pci 0000:00:18.5:   bridge window [mem 0x78700000-0x787fffff 64bit pref]
[Mon Apr 13 08:57:50 2026] pci 0000:00:18.5: PME# supported from D0 D3hot D3cold
[Mon Apr 13 08:57:50 2026] pci 0000:00:18.6: [15ad:07a0] type 01 class 0x060400 PCIe Root Port
[Mon Apr 13 08:57:50 2026] pci 0000:00:18.6: PCI bridge to [bus 20]
[Mon Apr 13 08:57:50 2026] pci 0000:00:18.6:   bridge window [mem 0x3e000000-0x3e0fffff]
[Mon Apr 13 08:57:50 2026] pci 0000:00:18.6:   bridge window [mem 0x78600000-0x786fffff 64bit pref]
[Mon Apr 13 08:57:50 2026] pci 0000:00:18.6: PME# supported from D0 D3hot D3cold
[Mon Apr 13 08:57:50 2026] pci 0000:00:18.7: [15ad:07a0] type 01 class 0x060400 PCIe Root Port
[Mon Apr 13 08:57:50 2026] pci 0000:00:18.7: PCI bridge to [bus 21]
[Mon Apr 13 08:57:50 2026] pci 0000:00:18.7:   bridge window [mem 0x3df00000-0x3dffffff]
[Mon Apr 13 08:57:50 2026] pci 0000:00:18.7:   bridge window [mem 0x78500000-0x785fffff 64bit pref]
[Mon Apr 13 08:57:50 2026] pci 0000:00:18.7: PME# supported from D0 D3hot D3cold
[Mon Apr 13 08:57:50 2026] pci_bus 0000:01: extended config space not accessible
[Mon Apr 13 08:57:50 2026] pci 0000:01:00.0: [15ad:0774] type 00 class 0x0c0300 conventional PCI endpoint
[Mon Apr 13 08:57:50 2026] pci 0000:01:00.0: BAR 4 [io  0xc000-0xc01f]
[Mon Apr 13 08:57:50 2026] pci 0000:01:01.0: [15ad:1977] type 00 class 0x040300 conventional PCI endpoint
[Mon Apr 13 08:57:50 2026] pci 0000:01:01.0: BAR 0 [mem 0x3d400000-0x3d403fff 64bit]
[Mon Apr 13 08:57:50 2026] pci 0000:01:01.0: PME# supported from D0 D3hot D3cold
[Mon Apr 13 08:57:50 2026] pci 0000:01:02.0: [15ad:0770] type 00 class 0x0c0320 conventional PCI endpoint
[Mon Apr 13 08:57:50 2026] pci 0000:01:02.0: BAR 0 [mem 0x3d408000-0x3d40bfff]
[Mon Apr 13 08:57:50 2026] pci 0000:01:03.0: [15ad:07e0] type 00 class 0x010601 conventional PCI endpoint
[Mon Apr 13 08:57:50 2026] pci 0000:01:03.0: BAR 5 [mem 0x3d404000-0x3d407fff]
[Mon Apr 13 08:57:50 2026] pci 0000:01:03.0: PME# supported from D3hot
[Mon Apr 13 08:57:50 2026] pci 0000:02:00.0: [8086:10d3] type 00 class 0x020000 PCIe Endpoint
[Mon Apr 13 08:57:50 2026] pci 0000:02:00.0: BAR 0 [mem 0x3fe00000-0x3fe1ffff]
[Mon Apr 13 08:57:50 2026] pci 0000:02:00.0: BAR 2 [io  0xf000-0xf01f]
[Mon Apr 13 08:57:50 2026] pci 0000:02:00.0: BAR 3 [mem 0x3fe20000-0x3fe23fff]
[Mon Apr 13 08:57:50 2026] pci 0000:02:00.0: PME# supported from D0 D3hot D3cold
[Mon Apr 13 08:57:50 2026] pci 0000:0a:00.0: [15ad:077a] type 00 class 0x0c0330 PCIe Endpoint
[Mon Apr 13 08:57:50 2026] pci 0000:0a:00.0: BAR 0 [mem 0x3f600000-0x3f67ffff 64bit]
[Mon Apr 13 08:57:50 2026] pci 0000:0a:00.0: PME# supported from D0 D3hot D3cold
[Mon Apr 13 08:57:50 2026] pci 0000:0a:00.0: disabling ASPM on pre-1.1 PCIe device.  You can enable it with 'pcie_aspm=force'
[Mon Apr 13 08:57:50 2026] pci 0000:12:00.0: [15ad:07f0] type 00 class 0x010802 PCIe Endpoint
[Mon Apr 13 08:57:50 2026] pci 0000:12:00.0: BAR 0 [mem 0x3ee00000-0x3ee03fff 64bit]
[Mon Apr 13 08:57:50 2026] pci 0000:12:00.0: BAR 2 [io  0xe000-0xe007]
[Mon Apr 13 08:57:50 2026] pci 0000:12:00.0: PME# supported from D0 D3hot D3cold
[Mon Apr 13 08:57:50 2026] pci 0000:12:00.0: disabling ASPM on pre-1.1 PCIe device.  You can enable it with 'pcie_aspm=force'
[Mon Apr 13 08:57:50 2026] pci 0000:00:11.0: PCI bridge to [bus 01] (subtractive decode)
[Mon Apr 13 08:57:50 2026] pci 0000:00:11.0:   bridge window [mem 0x30000000-0x3ffeffff window] (subtractive decode)
[Mon Apr 13 08:57:50 2026] pci 0000:00:11.0:   bridge window [mem 0x50000000-0x7fffffff window] (subtractive decode)
[Mon Apr 13 08:57:50 2026] pci 0000:00:11.0: bridge window [io  0xc000-0xcfff]: can't claim; no compatible bridge window
[Mon Apr 13 08:57:50 2026] pci 0000:00:15.0: PCI bridge to [bus 02]
[Mon Apr 13 08:57:50 2026] pci 0000:00:15.0: bridge window [io  0xf000-0xffff]: can't claim; no compatible bridge window
[Mon Apr 13 08:57:50 2026] pci 0000:00:15.1: PCI bridge to [bus 03]
[Mon Apr 13 08:57:50 2026] pci 0000:00:15.2: PCI bridge to [bus 04]
[Mon Apr 13 08:57:50 2026] pci 0000:00:15.3: PCI bridge to [bus 05]
[Mon Apr 13 08:57:50 2026] pci 0000:00:15.4: PCI bridge to [bus 06]
[Mon Apr 13 08:57:50 2026] pci 0000:00:15.5: PCI bridge to [bus 07]
[Mon Apr 13 08:57:50 2026] pci 0000:00:15.6: PCI bridge to [bus 08]
[Mon Apr 13 08:57:50 2026] pci 0000:00:15.7: PCI bridge to [bus 09]
[Mon Apr 13 08:57:50 2026] pci 0000:00:16.0: PCI bridge to [bus 0a]
[Mon Apr 13 08:57:50 2026] pci 0000:00:16.1: PCI bridge to [bus 0b]
[Mon Apr 13 08:57:50 2026] pci 0000:00:16.2: PCI bridge to [bus 0c]
[Mon Apr 13 08:57:50 2026] pci 0000:00:16.3: PCI bridge to [bus 0d]
[Mon Apr 13 08:57:50 2026] pci 0000:00:16.4: PCI bridge to [bus 0e]
[Mon Apr 13 08:57:50 2026] pci 0000:00:16.5: PCI bridge to [bus 0f]
[Mon Apr 13 08:57:50 2026] pci 0000:00:16.6: PCI bridge to [bus 10]
[Mon Apr 13 08:57:50 2026] pci 0000:00:16.7: PCI bridge to [bus 11]
[Mon Apr 13 08:57:50 2026] pci 0000:00:17.0: PCI bridge to [bus 12]
[Mon Apr 13 08:57:50 2026] pci 0000:00:17.0: bridge window [io  0xe000-0xefff]: can't claim; no compatible bridge window
[Mon Apr 13 08:57:50 2026] pci 0000:00:17.1: PCI bridge to [bus 13]
[Mon Apr 13 08:57:50 2026] pci 0000:00:17.2: PCI bridge to [bus 14]
[Mon Apr 13 08:57:50 2026] pci 0000:00:17.3: PCI bridge to [bus 15]
[Mon Apr 13 08:57:50 2026] pci 0000:00:17.4: PCI bridge to [bus 16]
[Mon Apr 13 08:57:50 2026] pci 0000:00:17.5: PCI bridge to [bus 17]
[Mon Apr 13 08:57:50 2026] pci 0000:00:17.6: PCI bridge to [bus 18]
[Mon Apr 13 08:57:50 2026] pci 0000:00:17.7: PCI bridge to [bus 19]
[Mon Apr 13 08:57:50 2026] pci 0000:00:18.0: PCI bridge to [bus 1a]
[Mon Apr 13 08:57:50 2026] pci 0000:00:18.1: PCI bridge to [bus 1b]
[Mon Apr 13 08:57:50 2026] pci 0000:00:18.2: PCI bridge to [bus 1c]
[Mon Apr 13 08:57:50 2026] pci 0000:00:18.3: PCI bridge to [bus 1d]
[Mon Apr 13 08:57:50 2026] pci 0000:00:18.4: PCI bridge to [bus 1e]
[Mon Apr 13 08:57:50 2026] pci 0000:00:18.5: PCI bridge to [bus 1f]
[Mon Apr 13 08:57:50 2026] pci 0000:00:18.6: PCI bridge to [bus 20]
[Mon Apr 13 08:57:50 2026] pci 0000:00:18.7: PCI bridge to [bus 21]
[Mon Apr 13 08:57:50 2026] pci 0000:00:00.7: BAR 0 [io  0xd000-0xd03f]: can't claim; no compatible bridge window
[Mon Apr 13 08:57:50 2026] pci 0000:01:00.0: BAR 4 [io  0xc000-0xc01f]: can't claim; no compatible bridge window
[Mon Apr 13 08:57:50 2026] pci 0000:02:00.0: BAR 2 [io  0xf000-0xf01f]: can't claim; no compatible bridge window
[Mon Apr 13 08:57:50 2026] pci 0000:12:00.0: BAR 2 [io  0xe000-0xe007]: can't claim; no compatible bridge window
[Mon Apr 13 08:57:50 2026] pci 0000:00:15.0: bridge window [mem 0x00100000-0x000fffff 64bit pref] to [bus 02] add_size 200000 add_align 100000
[Mon Apr 13 08:57:50 2026] pci 0000:00:15.1: bridge window [io  0x1000-0x0fff] to [bus 03] add_size 1000
[Mon Apr 13 08:57:50 2026] pci 0000:00:15.2: bridge window [io  0x1000-0x0fff] to [bus 04] add_size 1000
[Mon Apr 13 08:57:50 2026] pci 0000:00:15.3: bridge window [io  0x1000-0x0fff] to [bus 05] add_size 1000
[Mon Apr 13 08:57:50 2026] pci 0000:00:15.4: bridge window [io  0x1000-0x0fff] to [bus 06] add_size 1000
[Mon Apr 13 08:57:50 2026] pci 0000:00:15.5: bridge window [io  0x1000-0x0fff] to [bus 07] add_size 1000
[Mon Apr 13 08:57:50 2026] pci 0000:00:15.6: bridge window [io  0x1000-0x0fff] to [bus 08] add_size 1000
[Mon Apr 13 08:57:50 2026] pci 0000:00:15.7: bridge window [io  0x1000-0x0fff] to [bus 09] add_size 1000
[Mon Apr 13 08:57:50 2026] pci 0000:00:16.0: bridge window [io  0x1000-0x0fff] to [bus 0a] add_size 1000
[Mon Apr 13 08:57:50 2026] pci 0000:00:16.0: bridge window [mem 0x00100000-0x000fffff 64bit pref] to [bus 0a] add_size 200000 add_align 100000
[Mon Apr 13 08:57:50 2026] pci 0000:00:16.1: bridge window [io  0x1000-0x0fff] to [bus 0b] add_size 1000
[Mon Apr 13 08:57:50 2026] pci 0000:00:16.2: bridge window [io  0x1000-0x0fff] to [bus 0c] add_size 1000
[Mon Apr 13 08:57:50 2026] pci 0000:00:16.3: bridge window [io  0x1000-0x0fff] to [bus 0d] add_size 1000
[Mon Apr 13 08:57:50 2026] pci 0000:00:16.4: bridge window [io  0x1000-0x0fff] to [bus 0e] add_size 1000
[Mon Apr 13 08:57:50 2026] pci 0000:00:16.5: bridge window [io  0x1000-0x0fff] to [bus 0f] add_size 1000
[Mon Apr 13 08:57:50 2026] pci 0000:00:16.6: bridge window [io  0x1000-0x0fff] to [bus 10] add_size 1000
[Mon Apr 13 08:57:50 2026] pci 0000:00:16.7: bridge window [io  0x1000-0x0fff] to [bus 11] add_size 1000
[Mon Apr 13 08:57:50 2026] pci 0000:00:17.0: bridge window [mem 0x00100000-0x000fffff 64bit pref] to [bus 12] add_size 200000 add_align 100000
[Mon Apr 13 08:57:50 2026] pci 0000:00:17.1: bridge window [io  0x1000-0x0fff] to [bus 13] add_size 1000
[Mon Apr 13 08:57:50 2026] pci 0000:00:17.2: bridge window [io  0x1000-0x0fff] to [bus 14] add_size 1000
[Mon Apr 13 08:57:50 2026] pci 0000:00:17.3: bridge window [io  0x1000-0x0fff] to [bus 15] add_size 1000
[Mon Apr 13 08:57:50 2026] pci 0000:00:17.4: bridge window [io  0x1000-0x0fff] to [bus 16] add_size 1000
[Mon Apr 13 08:57:50 2026] pci 0000:00:17.5: bridge window [io  0x1000-0x0fff] to [bus 17] add_size 1000
[Mon Apr 13 08:57:50 2026] pci 0000:00:17.6: bridge window [io  0x1000-0x0fff] to [bus 18] add_size 1000
[Mon Apr 13 08:57:50 2026] pci 0000:00:17.7: bridge window [io  0x1000-0x0fff] to [bus 19] add_size 1000
[Mon Apr 13 08:57:50 2026] pci 0000:00:18.0: bridge window [io  0x1000-0x0fff] to [bus 1a] add_size 1000
[Mon Apr 13 08:57:50 2026] pci 0000:00:18.1: bridge window [io  0x1000-0x0fff] to [bus 1b] add_size 1000
[Mon Apr 13 08:57:50 2026] pci 0000:00:18.2: bridge window [io  0x1000-0x0fff] to [bus 1c] add_size 1000
[Mon Apr 13 08:57:50 2026] pci 0000:00:18.3: bridge window [io  0x1000-0x0fff] to [bus 1d] add_size 1000
[Mon Apr 13 08:57:50 2026] pci 0000:00:18.4: bridge window [io  0x1000-0x0fff] to [bus 1e] add_size 1000
[Mon Apr 13 08:57:50 2026] pci 0000:00:18.5: bridge window [io  0x1000-0x0fff] to [bus 1f] add_size 1000
[Mon Apr 13 08:57:50 2026] pci 0000:00:18.6: bridge window [io  0x1000-0x0fff] to [bus 20] add_size 1000
[Mon Apr 13 08:57:50 2026] pci 0000:00:18.7: bridge window [io  0x1000-0x0fff] to [bus 21] add_size 1000
[Mon Apr 13 08:57:50 2026] pci 0000:00:15.0: bridge window [mem 0x30000000-0x301fffff 64bit pref]: assigned
[Mon Apr 13 08:57:50 2026] pci 0000:00:16.0: bridge window [mem 0x30200000-0x303fffff 64bit pref]: assigned
[Mon Apr 13 08:57:50 2026] pci 0000:00:17.0: bridge window [mem 0x30400000-0x305fffff 64bit pref]: assigned
[Mon Apr 13 08:57:50 2026] pci 0000:00:11.0: bridge window [io  size 0x1000]: can't assign; no space
[Mon Apr 13 08:57:50 2026] pci 0000:00:11.0: bridge window [io  size 0x1000]: failed to assign
[Mon Apr 13 08:57:50 2026] pci 0000:00:15.0: bridge window [io  size 0x1000]: can't assign; no space
[Mon Apr 13 08:57:50 2026] pci 0000:00:15.0: bridge window [io  size 0x1000]: failed to assign
[Mon Apr 13 08:57:50 2026] pci 0000:00:15.1: bridge window [io  size 0x1000]: can't assign; no space
[Mon Apr 13 08:57:50 2026] pci 0000:00:15.1: bridge window [io  size 0x1000]: failed to assign
[Mon Apr 13 08:57:50 2026] pci 0000:00:15.2: bridge window [io  size 0x1000]: can't assign; no space
[Mon Apr 13 08:57:50 2026] pci 0000:00:15.2: bridge window [io  size 0x1000]: failed to assign
[Mon Apr 13 08:57:50 2026] pci 0000:00:15.3: bridge window [io  size 0x1000]: can't assign; no space
[Mon Apr 13 08:57:50 2026] pci 0000:00:15.3: bridge window [io  size 0x1000]: failed to assign
[Mon Apr 13 08:57:50 2026] pci 0000:00:15.4: bridge window [io  size 0x1000]: can't assign; no space
[Mon Apr 13 08:57:50 2026] pci 0000:00:15.4: bridge window [io  size 0x1000]: failed to assign
[Mon Apr 13 08:57:50 2026] pci 0000:00:15.5: bridge window [io  size 0x1000]: can't assign; no space
[Mon Apr 13 08:57:50 2026] pci 0000:00:15.5: bridge window [io  size 0x1000]: failed to assign
[Mon Apr 13 08:57:50 2026] pci 0000:00:15.6: bridge window [io  size 0x1000]: can't assign; no space
[Mon Apr 13 08:57:50 2026] pci 0000:00:15.6: bridge window [io  size 0x1000]: failed to assign
[Mon Apr 13 08:57:50 2026] pci 0000:00:15.7: bridge window [io  size 0x1000]: can't assign; no space
[Mon Apr 13 08:57:50 2026] pci 0000:00:15.7: bridge window [io  size 0x1000]: failed to assign
[Mon Apr 13 08:57:50 2026] pci 0000:00:16.0: bridge window [io  size 0x1000]: can't assign; no space
[Mon Apr 13 08:57:50 2026] pci 0000:00:16.0: bridge window [io  size 0x1000]: failed to assign
[Mon Apr 13 08:57:50 2026] pci 0000:00:16.1: bridge window [io  size 0x1000]: can't assign; no space
[Mon Apr 13 08:57:50 2026] pci 0000:00:16.1: bridge window [io  size 0x1000]: failed to assign
[Mon Apr 13 08:57:50 2026] pci 0000:00:16.2: bridge window [io  size 0x1000]: can't assign; no space
[Mon Apr 13 08:57:50 2026] pci 0000:00:16.2: bridge window [io  size 0x1000]: failed to assign
[Mon Apr 13 08:57:50 2026] pci 0000:00:16.3: bridge window [io  size 0x1000]: can't assign; no space
[Mon Apr 13 08:57:50 2026] pci 0000:00:16.3: bridge window [io  size 0x1000]: failed to assign
[Mon Apr 13 08:57:50 2026] pci 0000:00:16.4: bridge window [io  size 0x1000]: can't assign; no space
[Mon Apr 13 08:57:50 2026] pci 0000:00:16.4: bridge window [io  size 0x1000]: failed to assign
[Mon Apr 13 08:57:50 2026] pci 0000:00:16.5: bridge window [io  size 0x1000]: can't assign; no space
[Mon Apr 13 08:57:50 2026] pci 0000:00:16.5: bridge window [io  size 0x1000]: failed to assign
[Mon Apr 13 08:57:50 2026] pci 0000:00:16.6: bridge window [io  size 0x1000]: can't assign; no space
[Mon Apr 13 08:57:50 2026] pci 0000:00:16.6: bridge window [io  size 0x1000]: failed to assign
[Mon Apr 13 08:57:50 2026] pci 0000:00:16.7: bridge window [io  size 0x1000]: can't assign; no space
[Mon Apr 13 08:57:50 2026] pci 0000:00:16.7: bridge window [io  size 0x1000]: failed to assign
[Mon Apr 13 08:57:50 2026] pci 0000:00:17.0: bridge window [io  size 0x1000]: can't assign; no space
[Mon Apr 13 08:57:50 2026] pci 0000:00:17.0: bridge window [io  size 0x1000]: failed to assign
[Mon Apr 13 08:57:50 2026] pci 0000:00:17.1: bridge window [io  size 0x1000]: can't assign; no space
[Mon Apr 13 08:57:50 2026] pci 0000:00:17.1: bridge window [io  size 0x1000]: failed to assign
[Mon Apr 13 08:57:50 2026] pci 0000:00:17.2: bridge window [io  size 0x1000]: can't assign; no space
[Mon Apr 13 08:57:50 2026] pci 0000:00:17.2: bridge window [io  size 0x1000]: failed to assign
[Mon Apr 13 08:57:50 2026] pci 0000:00:17.3: bridge window [io  size 0x1000]: can't assign; no space
[Mon Apr 13 08:57:50 2026] pci 0000:00:17.3: bridge window [io  size 0x1000]: failed to assign
[Mon Apr 13 08:57:50 2026] pci 0000:00:17.4: bridge window [io  size 0x1000]: can't assign; no space
[Mon Apr 13 08:57:50 2026] pci 0000:00:17.4: bridge window [io  size 0x1000]: failed to assign
[Mon Apr 13 08:57:50 2026] pci 0000:00:17.5: bridge window [io  size 0x1000]: can't assign; no space
[Mon Apr 13 08:57:50 2026] pci 0000:00:17.5: bridge window [io  size 0x1000]: failed to assign
[Mon Apr 13 08:57:50 2026] pci 0000:00:17.6: bridge window [io  size 0x1000]: can't assign; no space
[Mon Apr 13 08:57:50 2026] pci 0000:00:17.6: bridge window [io  size 0x1000]: failed to assign
[Mon Apr 13 08:57:50 2026] pci 0000:00:17.7: bridge window [io  size 0x1000]: can't assign; no space
[Mon Apr 13 08:57:50 2026] pci 0000:00:17.7: bridge window [io  size 0x1000]: failed to assign
[Mon Apr 13 08:57:50 2026] pci 0000:00:18.0: bridge window [io  size 0x1000]: can't assign; no space
[Mon Apr 13 08:57:50 2026] pci 0000:00:18.0: bridge window [io  size 0x1000]: failed to assign
[Mon Apr 13 08:57:50 2026] pci 0000:00:18.1: bridge window [io  size 0x1000]: can't assign; no space
[Mon Apr 13 08:57:50 2026] pci 0000:00:18.1: bridge window [io  size 0x1000]: failed to assign
[Mon Apr 13 08:57:50 2026] pci 0000:00:18.2: bridge window [io  size 0x1000]: can't assign; no space
[Mon Apr 13 08:57:50 2026] pci 0000:00:18.2: bridge window [io  size 0x1000]: failed to assign
[Mon Apr 13 08:57:50 2026] pci 0000:00:18.3: bridge window [io  size 0x1000]: can't assign; no space
[Mon Apr 13 08:57:50 2026] pci 0000:00:18.3: bridge window [io  size 0x1000]: failed to assign
[Mon Apr 13 08:57:50 2026] pci 0000:00:18.4: bridge window [io  size 0x1000]: can't assign; no space
[Mon Apr 13 08:57:50 2026] pci 0000:00:18.4: bridge window [io  size 0x1000]: failed to assign
[Mon Apr 13 08:57:50 2026] pci 0000:00:18.5: bridge window [io  size 0x1000]: can't assign; no space
[Mon Apr 13 08:57:50 2026] pci 0000:00:18.5: bridge window [io  size 0x1000]: failed to assign
[Mon Apr 13 08:57:50 2026] pci 0000:00:18.6: bridge window [io  size 0x1000]: can't assign; no space
[Mon Apr 13 08:57:50 2026] pci 0000:00:18.6: bridge window [io  size 0x1000]: failed to assign
[Mon Apr 13 08:57:50 2026] pci 0000:00:18.7: bridge window [io  size 0x1000]: can't assign; no space
[Mon Apr 13 08:57:50 2026] pci 0000:00:18.7: bridge window [io  size 0x1000]: failed to assign
[Mon Apr 13 08:57:50 2026] pci 0000:00:00.7: BAR 0 [io  size 0x0040]: can't assign; no space
[Mon Apr 13 08:57:50 2026] pci 0000:00:00.7: BAR 0 [io  size 0x0040]: failed to assign
[Mon Apr 13 08:57:50 2026] pci 0000:00:11.0: bridge window [io  size 0x1000]: can't assign; no space
[Mon Apr 13 08:57:50 2026] pci 0000:00:11.0: bridge window [io  size 0x1000]: failed to assign
[Mon Apr 13 08:57:50 2026] pci 0000:00:15.0: bridge window [io  size 0x1000]: can't assign; no space
[Mon Apr 13 08:57:50 2026] pci 0000:00:15.0: bridge window [io  size 0x1000]: failed to assign
[Mon Apr 13 08:57:50 2026] pci 0000:00:17.0: bridge window [io  size 0x1000]: can't assign; no space
[Mon Apr 13 08:57:50 2026] pci 0000:00:17.0: bridge window [io  size 0x1000]: failed to assign
[Mon Apr 13 08:57:50 2026] pci 0000:00:00.7: BAR 0 [io  size 0x0040]: can't assign; no space
[Mon Apr 13 08:57:50 2026] pci 0000:00:00.7: BAR 0 [io  size 0x0040]: failed to assign
[Mon Apr 13 08:57:50 2026] pci 0000:00:18.7: bridge window [io  size 0x1000]: can't assign; no space
[Mon Apr 13 08:57:50 2026] pci 0000:00:18.7: bridge window [io  size 0x1000]: failed to assign
[Mon Apr 13 08:57:50 2026] pci 0000:00:18.6: bridge window [io  size 0x1000]: can't assign; no space
[Mon Apr 13 08:57:50 2026] pci 0000:00:18.6: bridge window [io  size 0x1000]: failed to assign
[Mon Apr 13 08:57:50 2026] pci 0000:00:18.5: bridge window [io  size 0x1000]: can't assign; no space
[Mon Apr 13 08:57:50 2026] pci 0000:00:18.5: bridge window [io  size 0x1000]: failed to assign
[Mon Apr 13 08:57:50 2026] pci 0000:00:18.4: bridge window [io  size 0x1000]: can't assign; no space
[Mon Apr 13 08:57:50 2026] pci 0000:00:18.4: bridge window [io  size 0x1000]: failed to assign
[Mon Apr 13 08:57:50 2026] pci 0000:00:18.3: bridge window [io  size 0x1000]: can't assign; no space
[Mon Apr 13 08:57:50 2026] pci 0000:00:18.3: bridge window [io  size 0x1000]: failed to assign
[Mon Apr 13 08:57:50 2026] pci 0000:00:18.2: bridge window [io  size 0x1000]: can't assign; no space
[Mon Apr 13 08:57:50 2026] pci 0000:00:18.2: bridge window [io  size 0x1000]: failed to assign
[Mon Apr 13 08:57:50 2026] pci 0000:00:18.1: bridge window [io  size 0x1000]: can't assign; no space
[Mon Apr 13 08:57:50 2026] pci 0000:00:18.1: bridge window [io  size 0x1000]: failed to assign
[Mon Apr 13 08:57:50 2026] pci 0000:00:18.0: bridge window [io  size 0x1000]: can't assign; no space
[Mon Apr 13 08:57:50 2026] pci 0000:00:18.0: bridge window [io  size 0x1000]: failed to assign
[Mon Apr 13 08:57:50 2026] pci 0000:00:17.7: bridge window [io  size 0x1000]: can't assign; no space
[Mon Apr 13 08:57:50 2026] pci 0000:00:17.7: bridge window [io  size 0x1000]: failed to assign
[Mon Apr 13 08:57:50 2026] pci 0000:00:17.6: bridge window [io  size 0x1000]: can't assign; no space
[Mon Apr 13 08:57:50 2026] pci 0000:00:17.6: bridge window [io  size 0x1000]: failed to assign
[Mon Apr 13 08:57:50 2026] pci 0000:00:17.5: bridge window [io  size 0x1000]: can't assign; no space
[Mon Apr 13 08:57:50 2026] pci 0000:00:17.5: bridge window [io  size 0x1000]: failed to assign
[Mon Apr 13 08:57:50 2026] pci 0000:00:17.4: bridge window [io  size 0x1000]: can't assign; no space
[Mon Apr 13 08:57:50 2026] pci 0000:00:17.4: bridge window [io  size 0x1000]: failed to assign
[Mon Apr 13 08:57:50 2026] pci 0000:00:17.3: bridge window [io  size 0x1000]: can't assign; no space
[Mon Apr 13 08:57:50 2026] pci 0000:00:17.3: bridge window [io  size 0x1000]: failed to assign
[Mon Apr 13 08:57:50 2026] pci 0000:00:17.2: bridge window [io  size 0x1000]: can't assign; no space
[Mon Apr 13 08:57:50 2026] pci 0000:00:17.2: bridge window [io  size 0x1000]: failed to assign
[Mon Apr 13 08:57:50 2026] pci 0000:00:17.1: bridge window [io  size 0x1000]: can't assign; no space
[Mon Apr 13 08:57:50 2026] pci 0000:00:17.1: bridge window [io  size 0x1000]: failed to assign
[Mon Apr 13 08:57:50 2026] pci 0000:00:16.7: bridge window [io  size 0x1000]: can't assign; no space
[Mon Apr 13 08:57:50 2026] pci 0000:00:16.7: bridge window [io  size 0x1000]: failed to assign
[Mon Apr 13 08:57:50 2026] pci 0000:00:16.6: bridge window [io  size 0x1000]: can't assign; no space
[Mon Apr 13 08:57:50 2026] pci 0000:00:16.6: bridge window [io  size 0x1000]: failed to assign
[Mon Apr 13 08:57:50 2026] pci 0000:00:16.5: bridge window [io  size 0x1000]: can't assign; no space
[Mon Apr 13 08:57:50 2026] pci 0000:00:16.5: bridge window [io  size 0x1000]: failed to assign
[Mon Apr 13 08:57:50 2026] pci 0000:00:16.4: bridge window [io  size 0x1000]: can't assign; no space
[Mon Apr 13 08:57:50 2026] pci 0000:00:16.4: bridge window [io  size 0x1000]: failed to assign
[Mon Apr 13 08:57:50 2026] pci 0000:00:16.3: bridge window [io  size 0x1000]: can't assign; no space
[Mon Apr 13 08:57:50 2026] pci 0000:00:16.3: bridge window [io  size 0x1000]: failed to assign
[Mon Apr 13 08:57:50 2026] pci 0000:00:16.2: bridge window [io  size 0x1000]: can't assign; no space
[Mon Apr 13 08:57:50 2026] pci 0000:00:16.2: bridge window [io  size 0x1000]: failed to assign
[Mon Apr 13 08:57:50 2026] pci 0000:00:16.1: bridge window [io  size 0x1000]: can't assign; no space
[Mon Apr 13 08:57:50 2026] pci 0000:00:16.1: bridge window [io  size 0x1000]: failed to assign
[Mon Apr 13 08:57:50 2026] pci 0000:00:16.0: bridge window [io  size 0x1000]: can't assign; no space
[Mon Apr 13 08:57:50 2026] pci 0000:00:16.0: bridge window [io  size 0x1000]: failed to assign
[Mon Apr 13 08:57:50 2026] pci 0000:00:15.7: bridge window [io  size 0x1000]: can't assign; no space
[Mon Apr 13 08:57:50 2026] pci 0000:00:15.7: bridge window [io  size 0x1000]: failed to assign
[Mon Apr 13 08:57:50 2026] pci 0000:00:15.6: bridge window [io  size 0x1000]: can't assign; no space
[Mon Apr 13 08:57:50 2026] pci 0000:00:15.6: bridge window [io  size 0x1000]: failed to assign
[Mon Apr 13 08:57:50 2026] pci 0000:00:15.5: bridge window [io  size 0x1000]: can't assign; no space
[Mon Apr 13 08:57:50 2026] pci 0000:00:15.5: bridge window [io  size 0x1000]: failed to assign
[Mon Apr 13 08:57:50 2026] pci 0000:00:15.4: bridge window [io  size 0x1000]: can't assign; no space
[Mon Apr 13 08:57:50 2026] pci 0000:00:15.4: bridge window [io  size 0x1000]: failed to assign
[Mon Apr 13 08:57:50 2026] pci 0000:00:15.3: bridge window [io  size 0x1000]: can't assign; no space
[Mon Apr 13 08:57:50 2026] pci 0000:00:15.3: bridge window [io  size 0x1000]: failed to assign
[Mon Apr 13 08:57:50 2026] pci 0000:00:15.2: bridge window [io  size 0x1000]: can't assign; no space
[Mon Apr 13 08:57:50 2026] pci 0000:00:15.2: bridge window [io  size 0x1000]: failed to assign
[Mon Apr 13 08:57:50 2026] pci 0000:00:15.1: bridge window [io  size 0x1000]: can't assign; no space
[Mon Apr 13 08:57:50 2026] pci 0000:00:15.1: bridge window [io  size 0x1000]: failed to assign
[Mon Apr 13 08:57:50 2026] pci 0000:01:00.0: BAR 4 [io  size 0x0020]: can't assign; no space
[Mon Apr 13 08:57:50 2026] pci 0000:01:00.0: BAR 4 [io  size 0x0020]: failed to assign
[Mon Apr 13 08:57:50 2026] pci 0000:00:11.0: PCI bridge to [bus 01]
[Mon Apr 13 08:57:50 2026] pci 0000:00:11.0:   bridge window [mem 0x3d400000-0x3ddfffff]
[Mon Apr 13 08:57:50 2026] pci 0000:00:11.0:   bridge window [mem 0x78000000-0x784fffff 64bit pref]
[Mon Apr 13 08:57:50 2026] pci 0000:02:00.0: BAR 2 [io  size 0x0020]: can't assign; no space
[Mon Apr 13 08:57:50 2026] pci 0000:02:00.0: BAR 2 [io  size 0x0020]: failed to assign
[Mon Apr 13 08:57:50 2026] pci 0000:00:15.0: PCI bridge to [bus 02]
[Mon Apr 13 08:57:50 2026] pci 0000:00:15.0:   bridge window [mem 0x3fe00000-0x3fefffff]
[Mon Apr 13 08:57:50 2026] pci 0000:00:15.0:   bridge window [mem 0x30000000-0x301fffff 64bit pref]
[Mon Apr 13 08:57:50 2026] pci 0000:00:15.1: PCI bridge to [bus 03]
[Mon Apr 13 08:57:50 2026] pci 0000:00:15.1:   bridge window [mem 0x3fd00000-0x3fdfffff]
[Mon Apr 13 08:57:50 2026] pci 0000:00:15.1:   bridge window [mem 0x7a100000-0x7a1fffff 64bit pref]
[Mon Apr 13 08:57:50 2026] pci 0000:00:15.2: PCI bridge to [bus 04]
[Mon Apr 13 08:57:50 2026] pci 0000:00:15.2:   bridge window [mem 0x3fc00000-0x3fcfffff]
[Mon Apr 13 08:57:50 2026] pci 0000:00:15.2:   bridge window [mem 0x7a000000-0x7a0fffff 64bit pref]
[Mon Apr 13 08:57:50 2026] pci 0000:00:15.3: PCI bridge to [bus 05]
[Mon Apr 13 08:57:50 2026] pci 0000:00:15.3:   bridge window [mem 0x3fb00000-0x3fbfffff]
[Mon Apr 13 08:57:50 2026] pci 0000:00:15.3:   bridge window [mem 0x79f00000-0x79ffffff 64bit pref]
[Mon Apr 13 08:57:50 2026] pci 0000:00:15.4: PCI bridge to [bus 06]
[Mon Apr 13 08:57:50 2026] pci 0000:00:15.4:   bridge window [mem 0x3fa00000-0x3fafffff]
[Mon Apr 13 08:57:50 2026] pci 0000:00:15.4:   bridge window [mem 0x79e00000-0x79efffff 64bit pref]
[Mon Apr 13 08:57:50 2026] pci 0000:00:15.5: PCI bridge to [bus 07]
[Mon Apr 13 08:57:50 2026] pci 0000:00:15.5:   bridge window [mem 0x3f900000-0x3f9fffff]
[Mon Apr 13 08:57:50 2026] pci 0000:00:15.5:   bridge window [mem 0x79d00000-0x79dfffff 64bit pref]
[Mon Apr 13 08:57:50 2026] pci 0000:00:15.6: PCI bridge to [bus 08]
[Mon Apr 13 08:57:50 2026] pci 0000:00:15.6:   bridge window [mem 0x3f800000-0x3f8fffff]
[Mon Apr 13 08:57:50 2026] pci 0000:00:15.6:   bridge window [mem 0x79c00000-0x79cfffff 64bit pref]
[Mon Apr 13 08:57:50 2026] pci 0000:00:15.7: PCI bridge to [bus 09]
[Mon Apr 13 08:57:50 2026] pci 0000:00:15.7:   bridge window [mem 0x3f700000-0x3f7fffff]
[Mon Apr 13 08:57:50 2026] pci 0000:00:15.7:   bridge window [mem 0x79b00000-0x79bfffff 64bit pref]
[Mon Apr 13 08:57:50 2026] pci 0000:00:16.0: PCI bridge to [bus 0a]
[Mon Apr 13 08:57:50 2026] pci 0000:00:16.0:   bridge window [mem 0x3f600000-0x3f6fffff]
[Mon Apr 13 08:57:50 2026] pci 0000:00:16.0:   bridge window [mem 0x30200000-0x303fffff 64bit pref]
[Mon Apr 13 08:57:50 2026] pci 0000:00:16.1: PCI bridge to [bus 0b]
[Mon Apr 13 08:57:50 2026] pci 0000:00:16.1:   bridge window [mem 0x3f500000-0x3f5fffff]
[Mon Apr 13 08:57:50 2026] pci 0000:00:16.1:   bridge window [mem 0x79a00000-0x79afffff 64bit pref]
[Mon Apr 13 08:57:50 2026] pci 0000:00:16.2: PCI bridge to [bus 0c]
[Mon Apr 13 08:57:50 2026] pci 0000:00:16.2:   bridge window [mem 0x3f400000-0x3f4fffff]
[Mon Apr 13 08:57:50 2026] pci 0000:00:16.2:   bridge window [mem 0x79900000-0x799fffff 64bit pref]
[Mon Apr 13 08:57:50 2026] pci 0000:00:16.3: PCI bridge to [bus 0d]
[Mon Apr 13 08:57:50 2026] pci 0000:00:16.3:   bridge window [mem 0x3f300000-0x3f3fffff]
[Mon Apr 13 08:57:50 2026] pci 0000:00:16.3:   bridge window [mem 0x79800000-0x798fffff 64bit pref]
[Mon Apr 13 08:57:50 2026] pci 0000:00:16.4: PCI bridge to [bus 0e]
[Mon Apr 13 08:57:50 2026] pci 0000:00:16.4:   bridge window [mem 0x3f200000-0x3f2fffff]
[Mon Apr 13 08:57:50 2026] pci 0000:00:16.4:   bridge window [mem 0x79700000-0x797fffff 64bit pref]
[Mon Apr 13 08:57:50 2026] pci 0000:00:16.5: PCI bridge to [bus 0f]
[Mon Apr 13 08:57:50 2026] pci 0000:00:16.5:   bridge window [mem 0x3f100000-0x3f1fffff]
[Mon Apr 13 08:57:50 2026] pci 0000:00:16.5:   bridge window [mem 0x79600000-0x796fffff 64bit pref]
[Mon Apr 13 08:57:50 2026] pci 0000:00:16.6: PCI bridge to [bus 10]
[Mon Apr 13 08:57:50 2026] pci 0000:00:16.6:   bridge window [mem 0x3f000000-0x3f0fffff]
[Mon Apr 13 08:57:50 2026] pci 0000:00:16.6:   bridge window [mem 0x79500000-0x795fffff 64bit pref]
[Mon Apr 13 08:57:50 2026] pci 0000:00:16.7: PCI bridge to [bus 11]
[Mon Apr 13 08:57:50 2026] pci 0000:00:16.7:   bridge window [mem 0x3ef00000-0x3effffff]
[Mon Apr 13 08:57:50 2026] pci 0000:00:16.7:   bridge window [mem 0x79400000-0x794fffff 64bit pref]
[Mon Apr 13 08:57:50 2026] pci 0000:12:00.0: BAR 2 [io  size 0x0008]: can't assign; no space
[Mon Apr 13 08:57:50 2026] pci 0000:12:00.0: BAR 2 [io  size 0x0008]: failed to assign
[Mon Apr 13 08:57:50 2026] pci 0000:00:17.0: PCI bridge to [bus 12]
[Mon Apr 13 08:57:50 2026] pci 0000:00:17.0:   bridge window [mem 0x3ee00000-0x3eefffff]
[Mon Apr 13 08:57:50 2026] pci 0000:00:17.0:   bridge window [mem 0x30400000-0x305fffff 64bit pref]
[Mon Apr 13 08:57:50 2026] pci 0000:00:17.1: PCI bridge to [bus 13]
[Mon Apr 13 08:57:50 2026] pci 0000:00:17.1:   bridge window [mem 0x3ed00000-0x3edfffff]
[Mon Apr 13 08:57:50 2026] pci 0000:00:17.1:   bridge window [mem 0x79300000-0x793fffff 64bit pref]
[Mon Apr 13 08:57:50 2026] pci 0000:00:17.2: PCI bridge to [bus 14]
[Mon Apr 13 08:57:50 2026] pci 0000:00:17.2:   bridge window [mem 0x3ec00000-0x3ecfffff]
[Mon Apr 13 08:57:50 2026] pci 0000:00:17.2:   bridge window [mem 0x79200000-0x792fffff 64bit pref]
[Mon Apr 13 08:57:50 2026] pci 0000:00:17.3: PCI bridge to [bus 15]
[Mon Apr 13 08:57:50 2026] pci 0000:00:17.3:   bridge window [mem 0x3eb00000-0x3ebfffff]
[Mon Apr 13 08:57:50 2026] pci 0000:00:17.3:   bridge window [mem 0x79100000-0x791fffff 64bit pref]
[Mon Apr 13 08:57:50 2026] pci 0000:00:17.4: PCI bridge to [bus 16]
[Mon Apr 13 08:57:50 2026] pci 0000:00:17.4:   bridge window [mem 0x3ea00000-0x3eafffff]
[Mon Apr 13 08:57:50 2026] pci 0000:00:17.4:   bridge window [mem 0x79000000-0x790fffff 64bit pref]
[Mon Apr 13 08:57:50 2026] pci 0000:00:17.5: PCI bridge to [bus 17]
[Mon Apr 13 08:57:50 2026] pci 0000:00:17.5:   bridge window [mem 0x3e900000-0x3e9fffff]
[Mon Apr 13 08:57:50 2026] pci 0000:00:17.5:   bridge window [mem 0x78f00000-0x78ffffff 64bit pref]
[Mon Apr 13 08:57:50 2026] pci 0000:00:17.6: PCI bridge to [bus 18]
[Mon Apr 13 08:57:50 2026] pci 0000:00:17.6:   bridge window [mem 0x3e800000-0x3e8fffff]
[Mon Apr 13 08:57:50 2026] pci 0000:00:17.6:   bridge window [mem 0x78e00000-0x78efffff 64bit pref]
[Mon Apr 13 08:57:50 2026] pci 0000:00:17.7: PCI bridge to [bus 19]
[Mon Apr 13 08:57:50 2026] pci 0000:00:17.7:   bridge window [mem 0x3e700000-0x3e7fffff]
[Mon Apr 13 08:57:50 2026] pci 0000:00:17.7:   bridge window [mem 0x78d00000-0x78dfffff 64bit pref]
[Mon Apr 13 08:57:50 2026] pci 0000:00:18.0: PCI bridge to [bus 1a]
[Mon Apr 13 08:57:50 2026] pci 0000:00:18.0:   bridge window [mem 0x3e600000-0x3e6fffff]
[Mon Apr 13 08:57:50 2026] pci 0000:00:18.0:   bridge window [mem 0x78c00000-0x78cfffff 64bit pref]
[Mon Apr 13 08:57:50 2026] pci 0000:00:18.1: PCI bridge to [bus 1b]
[Mon Apr 13 08:57:50 2026] pci 0000:00:18.1:   bridge window [mem 0x3e500000-0x3e5fffff]
[Mon Apr 13 08:57:50 2026] pci 0000:00:18.1:   bridge window [mem 0x78b00000-0x78bfffff 64bit pref]
[Mon Apr 13 08:57:50 2026] pci 0000:00:18.2: PCI bridge to [bus 1c]
[Mon Apr 13 08:57:50 2026] pci 0000:00:18.2:   bridge window [mem 0x3e400000-0x3e4fffff]
[Mon Apr 13 08:57:50 2026] pci 0000:00:18.2:   bridge window [mem 0x78a00000-0x78afffff 64bit pref]
[Mon Apr 13 08:57:50 2026] pci 0000:00:18.3: PCI bridge to [bus 1d]
[Mon Apr 13 08:57:50 2026] pci 0000:00:18.3:   bridge window [mem 0x3e300000-0x3e3fffff]
[Mon Apr 13 08:57:50 2026] pci 0000:00:18.3:   bridge window [mem 0x78900000-0x789fffff 64bit pref]
[Mon Apr 13 08:57:50 2026] pci 0000:00:18.4: PCI bridge to [bus 1e]
[Mon Apr 13 08:57:50 2026] pci 0000:00:18.4:   bridge window [mem 0x3e200000-0x3e2fffff]
[Mon Apr 13 08:57:50 2026] pci 0000:00:18.4:   bridge window [mem 0x78800000-0x788fffff 64bit pref]
[Mon Apr 13 08:57:50 2026] pci 0000:00:18.5: PCI bridge to [bus 1f]
[Mon Apr 13 08:57:50 2026] pci 0000:00:18.5:   bridge window [mem 0x3e100000-0x3e1fffff]
[Mon Apr 13 08:57:50 2026] pci 0000:00:18.5:   bridge window [mem 0x78700000-0x787fffff 64bit pref]
[Mon Apr 13 08:57:50 2026] pci 0000:00:18.6: PCI bridge to [bus 20]
[Mon Apr 13 08:57:50 2026] pci 0000:00:18.6:   bridge window [mem 0x3e000000-0x3e0fffff]
[Mon Apr 13 08:57:50 2026] pci 0000:00:18.6:   bridge window [mem 0x78600000-0x786fffff 64bit pref]
[Mon Apr 13 08:57:50 2026] pci 0000:00:18.7: PCI bridge to [bus 21]
[Mon Apr 13 08:57:50 2026] pci 0000:00:18.7:   bridge window [mem 0x3df00000-0x3dffffff]
[Mon Apr 13 08:57:50 2026] pci 0000:00:18.7:   bridge window [mem 0x78500000-0x785fffff 64bit pref]
[Mon Apr 13 08:57:50 2026] pci_bus 0000:00: resource 4 [mem 0x30000000-0x3ffeffff window]
[Mon Apr 13 08:57:50 2026] pci_bus 0000:00: resource 5 [mem 0x50000000-0x7fffffff window]
[Mon Apr 13 08:57:50 2026] pci_bus 0000:01: resource 1 [mem 0x3d400000-0x3ddfffff]
[Mon Apr 13 08:57:50 2026] pci_bus 0000:01: resource 2 [mem 0x78000000-0x784fffff 64bit pref]
[Mon Apr 13 08:57:50 2026] pci_bus 0000:01: resource 4 [mem 0x30000000-0x3ffeffff window]
[Mon Apr 13 08:57:50 2026] pci_bus 0000:01: resource 5 [mem 0x50000000-0x7fffffff window]
[Mon Apr 13 08:57:50 2026] pci_bus 0000:02: resource 1 [mem 0x3fe00000-0x3fefffff]
[Mon Apr 13 08:57:50 2026] pci_bus 0000:02: resource 2 [mem 0x30000000-0x301fffff 64bit pref]
[Mon Apr 13 08:57:50 2026] pci_bus 0000:03: resource 1 [mem 0x3fd00000-0x3fdfffff]
[Mon Apr 13 08:57:50 2026] pci_bus 0000:03: resource 2 [mem 0x7a100000-0x7a1fffff 64bit pref]
[Mon Apr 13 08:57:50 2026] pci_bus 0000:04: resource 1 [mem 0x3fc00000-0x3fcfffff]
[Mon Apr 13 08:57:50 2026] pci_bus 0000:04: resource 2 [mem 0x7a000000-0x7a0fffff 64bit pref]
[Mon Apr 13 08:57:50 2026] pci_bus 0000:05: resource 1 [mem 0x3fb00000-0x3fbfffff]
[Mon Apr 13 08:57:50 2026] pci_bus 0000:05: resource 2 [mem 0x79f00000-0x79ffffff 64bit pref]
[Mon Apr 13 08:57:50 2026] pci_bus 0000:06: resource 1 [mem 0x3fa00000-0x3fafffff]
[Mon Apr 13 08:57:50 2026] pci_bus 0000:06: resource 2 [mem 0x79e00000-0x79efffff 64bit pref]
[Mon Apr 13 08:57:50 2026] pci_bus 0000:07: resource 1 [mem 0x3f900000-0x3f9fffff]
[Mon Apr 13 08:57:50 2026] pci_bus 0000:07: resource 2 [mem 0x79d00000-0x79dfffff 64bit pref]
[Mon Apr 13 08:57:50 2026] pci_bus 0000:08: resource 1 [mem 0x3f800000-0x3f8fffff]
[Mon Apr 13 08:57:50 2026] pci_bus 0000:08: resource 2 [mem 0x79c00000-0x79cfffff 64bit pref]
[Mon Apr 13 08:57:50 2026] pci_bus 0000:09: resource 1 [mem 0x3f700000-0x3f7fffff]
[Mon Apr 13 08:57:50 2026] pci_bus 0000:09: resource 2 [mem 0x79b00000-0x79bfffff 64bit pref]
[Mon Apr 13 08:57:50 2026] pci_bus 0000:0a: resource 1 [mem 0x3f600000-0x3f6fffff]
[Mon Apr 13 08:57:50 2026] pci_bus 0000:0a: resource 2 [mem 0x30200000-0x303fffff 64bit pref]
[Mon Apr 13 08:57:50 2026] pci_bus 0000:0b: resource 1 [mem 0x3f500000-0x3f5fffff]
[Mon Apr 13 08:57:50 2026] pci_bus 0000:0b: resource 2 [mem 0x79a00000-0x79afffff 64bit pref]
[Mon Apr 13 08:57:50 2026] pci_bus 0000:0c: resource 1 [mem 0x3f400000-0x3f4fffff]
[Mon Apr 13 08:57:50 2026] pci_bus 0000:0c: resource 2 [mem 0x79900000-0x799fffff 64bit pref]
[Mon Apr 13 08:57:50 2026] pci_bus 0000:0d: resource 1 [mem 0x3f300000-0x3f3fffff]
[Mon Apr 13 08:57:50 2026] pci_bus 0000:0d: resource 2 [mem 0x79800000-0x798fffff 64bit pref]
[Mon Apr 13 08:57:50 2026] pci_bus 0000:0e: resource 1 [mem 0x3f200000-0x3f2fffff]
[Mon Apr 13 08:57:50 2026] pci_bus 0000:0e: resource 2 [mem 0x79700000-0x797fffff 64bit pref]
[Mon Apr 13 08:57:50 2026] pci_bus 0000:0f: resource 1 [mem 0x3f100000-0x3f1fffff]
[Mon Apr 13 08:57:50 2026] pci_bus 0000:0f: resource 2 [mem 0x79600000-0x796fffff 64bit pref]
[Mon Apr 13 08:57:50 2026] pci_bus 0000:10: resource 1 [mem 0x3f000000-0x3f0fffff]
[Mon Apr 13 08:57:50 2026] pci_bus 0000:10: resource 2 [mem 0x79500000-0x795fffff 64bit pref]
[Mon Apr 13 08:57:50 2026] pci_bus 0000:11: resource 1 [mem 0x3ef00000-0x3effffff]
[Mon Apr 13 08:57:50 2026] pci_bus 0000:11: resource 2 [mem 0x79400000-0x794fffff 64bit pref]
[Mon Apr 13 08:57:50 2026] pci_bus 0000:12: resource 1 [mem 0x3ee00000-0x3eefffff]
[Mon Apr 13 08:57:50 2026] pci_bus 0000:12: resource 2 [mem 0x30400000-0x305fffff 64bit pref]
[Mon Apr 13 08:57:50 2026] pci_bus 0000:13: resource 1 [mem 0x3ed00000-0x3edfffff]
[Mon Apr 13 08:57:50 2026] pci_bus 0000:13: resource 2 [mem 0x79300000-0x793fffff 64bit pref]
[Mon Apr 13 08:57:50 2026] pci_bus 0000:14: resource 1 [mem 0x3ec00000-0x3ecfffff]
[Mon Apr 13 08:57:50 2026] pci_bus 0000:14: resource 2 [mem 0x79200000-0x792fffff 64bit pref]
[Mon Apr 13 08:57:50 2026] pci_bus 0000:15: resource 1 [mem 0x3eb00000-0x3ebfffff]
[Mon Apr 13 08:57:50 2026] pci_bus 0000:15: resource 2 [mem 0x79100000-0x791fffff 64bit pref]
[Mon Apr 13 08:57:50 2026] pci_bus 0000:16: resource 1 [mem 0x3ea00000-0x3eafffff]
[Mon Apr 13 08:57:50 2026] pci_bus 0000:16: resource 2 [mem 0x79000000-0x790fffff 64bit pref]
[Mon Apr 13 08:57:50 2026] pci_bus 0000:17: resource 1 [mem 0x3e900000-0x3e9fffff]
[Mon Apr 13 08:57:50 2026] pci_bus 0000:17: resource 2 [mem 0x78f00000-0x78ffffff 64bit pref]
[Mon Apr 13 08:57:50 2026] pci_bus 0000:18: resource 1 [mem 0x3e800000-0x3e8fffff]
[Mon Apr 13 08:57:50 2026] pci_bus 0000:18: resource 2 [mem 0x78e00000-0x78efffff 64bit pref]
[Mon Apr 13 08:57:50 2026] pci_bus 0000:19: resource 1 [mem 0x3e700000-0x3e7fffff]
[Mon Apr 13 08:57:50 2026] pci_bus 0000:19: resource 2 [mem 0x78d00000-0x78dfffff 64bit pref]
[Mon Apr 13 08:57:50 2026] pci_bus 0000:1a: resource 1 [mem 0x3e600000-0x3e6fffff]
[Mon Apr 13 08:57:50 2026] pci_bus 0000:1a: resource 2 [mem 0x78c00000-0x78cfffff 64bit pref]
[Mon Apr 13 08:57:50 2026] pci_bus 0000:1b: resource 1 [mem 0x3e500000-0x3e5fffff]
[Mon Apr 13 08:57:50 2026] pci_bus 0000:1b: resource 2 [mem 0x78b00000-0x78bfffff 64bit pref]
[Mon Apr 13 08:57:50 2026] pci_bus 0000:1c: resource 1 [mem 0x3e400000-0x3e4fffff]
[Mon Apr 13 08:57:50 2026] pci_bus 0000:1c: resource 2 [mem 0x78a00000-0x78afffff 64bit pref]
[Mon Apr 13 08:57:50 2026] pci_bus 0000:1d: resource 1 [mem 0x3e300000-0x3e3fffff]
[Mon Apr 13 08:57:50 2026] pci_bus 0000:1d: resource 2 [mem 0x78900000-0x789fffff 64bit pref]
[Mon Apr 13 08:57:50 2026] pci_bus 0000:1e: resource 1 [mem 0x3e200000-0x3e2fffff]
[Mon Apr 13 08:57:50 2026] pci_bus 0000:1e: resource 2 [mem 0x78800000-0x788fffff 64bit pref]
[Mon Apr 13 08:57:50 2026] pci_bus 0000:1f: resource 1 [mem 0x3e100000-0x3e1fffff]
[Mon Apr 13 08:57:50 2026] pci_bus 0000:1f: resource 2 [mem 0x78700000-0x787fffff 64bit pref]
[Mon Apr 13 08:57:50 2026] pci_bus 0000:20: resource 1 [mem 0x3e000000-0x3e0fffff]
[Mon Apr 13 08:57:50 2026] pci_bus 0000:20: resource 2 [mem 0x78600000-0x786fffff 64bit pref]
[Mon Apr 13 08:57:50 2026] pci_bus 0000:21: resource 1 [mem 0x3df00000-0x3dffffff]
[Mon Apr 13 08:57:50 2026] pci_bus 0000:21: resource 2 [mem 0x78500000-0x785fffff 64bit pref]
[Mon Apr 13 08:57:50 2026] iommu: Default domain type: Translated
[Mon Apr 13 08:57:50 2026] iommu: DMA domain TLB invalidation policy: strict mode
[Mon Apr 13 08:57:50 2026] SCSI subsystem initialized
[Mon Apr 13 08:57:50 2026] libata version 3.00 loaded.
[Mon Apr 13 08:57:50 2026] ACPI: bus type USB registered
[Mon Apr 13 08:57:50 2026] usbcore: registered new interface driver usbfs
[Mon Apr 13 08:57:50 2026] usbcore: registered new interface driver hub
[Mon Apr 13 08:57:50 2026] usbcore: registered new device driver usb
[Mon Apr 13 08:57:50 2026] pps_core: LinuxPPS API ver. 1 registered
[Mon Apr 13 08:57:50 2026] pps_core: Software ver. 5.3.6 - Copyright 2005-2007 Rodolfo Giometti <giometti@linux.it>
[Mon Apr 13 08:57:50 2026] PTP clock support registered
[Mon Apr 13 08:57:50 2026] EDAC MC: Ver: 3.0.0
[Mon Apr 13 08:57:50 2026] scmi_core: SCMI protocol bus registered
[Mon Apr 13 08:57:50 2026] efivars: Registered efivars operations
[Mon Apr 13 08:57:50 2026] NetLabel: Initializing
[Mon Apr 13 08:57:50 2026] NetLabel:  domain hash size = 128
[Mon Apr 13 08:57:50 2026] NetLabel:  protocols = UNLABELED CIPSOv4 CALIPSO
[Mon Apr 13 08:57:50 2026] NetLabel:  unlabeled traffic allowed by default
[Mon Apr 13 08:57:50 2026] mctp: management component transport protocol core
[Mon Apr 13 08:57:50 2026] NET: Registered PF_MCTP protocol family
[Mon Apr 13 08:57:50 2026] pci 0000:00:0f.0: vgaarb: setting as boot VGA device
[Mon Apr 13 08:57:50 2026] pci 0000:00:0f.0: vgaarb: bridge control possible
[Mon Apr 13 08:57:50 2026] pci 0000:00:0f.0: vgaarb: VGA device added: decodes=io+mem,owns=io+mem,locks=none
[Mon Apr 13 08:57:50 2026] vgaarb: loaded
[Mon Apr 13 08:57:50 2026] clocksource: Switched to clocksource arch_sys_counter
[Mon Apr 13 08:57:50 2026] VFS: Disk quotas dquot_6.6.0
[Mon Apr 13 08:57:50 2026] VFS: Dquot-cache hash table entries: 512 (order 0, 4096 bytes)
[Mon Apr 13 08:57:50 2026] AppArmor: AppArmor Filesystem Enabled
[Mon Apr 13 08:57:50 2026] pnp: PnP ACPI init
[Mon Apr 13 08:57:50 2026] system 00:00: [mem 0x40000000-0x4fffffff window] could not be reserved
[Mon Apr 13 08:57:50 2026] pnp: PnP ACPI: found 1 devices
[Mon Apr 13 08:57:50 2026] NET: Registered PF_INET protocol family
[Mon Apr 13 08:57:50 2026] IP idents hash table entries: 131072 (order: 8, 1048576 bytes, linear)
[Mon Apr 13 08:57:50 2026] tcp_listen_portaddr_hash hash table entries: 4096 (order: 4, 65536 bytes, linear)
[Mon Apr 13 08:57:50 2026] Table-perturb hash table entries: 65536 (order: 6, 262144 bytes, linear)
[Mon Apr 13 08:57:50 2026] TCP established hash table entries: 65536 (order: 7, 524288 bytes, linear)
[Mon Apr 13 08:57:50 2026] TCP bind hash table entries: 65536 (order: 9, 2097152 bytes, linear)
[Mon Apr 13 08:57:50 2026] TCP: Hash tables configured (established 65536 bind 65536)
[Mon Apr 13 08:57:50 2026] MPTCP token hash table entries: 8192 (order: 6, 196608 bytes, linear)
[Mon Apr 13 08:57:50 2026] UDP hash table entries: 4096 (order: 5, 131072 bytes, linear)
[Mon Apr 13 08:57:50 2026] UDP-Lite hash table entries: 4096 (order: 5, 131072 bytes, linear)
[Mon Apr 13 08:57:50 2026] NET: Registered PF_UNIX/PF_LOCAL protocol family
[Mon Apr 13 08:57:50 2026] NET: Registered PF_XDP protocol family
[Mon Apr 13 08:57:50 2026] pci 0000:01:01.0: CLS mismatch (32 != 256), using 64 bytes
[Mon Apr 13 08:57:50 2026] pci 0000:0a:00.0: enabling device (0000 -> 0002)
[Mon Apr 13 08:57:50 2026] Trying to unpack rootfs image as initramfs...
[Mon Apr 13 08:57:50 2026] kvm [1]: HYP mode not available
[Mon Apr 13 08:57:50 2026] Initialise system trusted keyrings
[Mon Apr 13 08:57:50 2026] Key type blacklist registered
[Mon Apr 13 08:57:50 2026] workingset: timestamp_bits=40 max_order=21 bucket_order=0
[Mon Apr 13 08:57:50 2026] zbud: loaded
[Mon Apr 13 08:57:50 2026] squashfs: version 4.0 (2009/01/31) Phillip Lougher
[Mon Apr 13 08:57:50 2026] fuse: init (API version 7.39)
[Mon Apr 13 08:57:50 2026] integrity: Platform Keyring initialized
[Mon Apr 13 08:57:50 2026] integrity: Machine keyring initialized
[Mon Apr 13 08:57:50 2026] Key type asymmetric registered
[Mon Apr 13 08:57:50 2026] Asymmetric key parser 'x509' registered
[Mon Apr 13 08:57:50 2026] Block layer SCSI generic (bsg) driver version 0.4 loaded (major 242)
[Mon Apr 13 08:57:50 2026] io scheduler mq-deadline registered
[Mon Apr 13 08:57:50 2026] pcieport 0000:00:15.0: PME: Signaling with IRQ 12
[Mon Apr 13 08:57:50 2026] pcieport 0000:00:15.0: pciehp: Slot #160 AttnBtn+ PwrCtrl+ MRL- AttnInd- PwrInd- HotPlug+ Surprise- Interlock- NoCompl+ IbPresDis- LLActRep+
[Mon Apr 13 08:57:50 2026] pcieport 0000:00:15.1: PME: Signaling with IRQ 13
[Mon Apr 13 08:57:50 2026] pcieport 0000:00:15.1: pciehp: Slot #161 AttnBtn+ PwrCtrl+ MRL- AttnInd- PwrInd- HotPlug+ Surprise- Interlock- NoCompl+ IbPresDis- LLActRep+
[Mon Apr 13 08:57:50 2026] pcieport 0000:00:15.2: PME: Signaling with IRQ 14
[Mon Apr 13 08:57:50 2026] pcieport 0000:00:15.2: pciehp: Slot #162 AttnBtn+ PwrCtrl+ MRL- AttnInd- PwrInd- HotPlug+ Surprise- Interlock- NoCompl+ IbPresDis- LLActRep+
[Mon Apr 13 08:57:50 2026] pcieport 0000:00:15.3: PME: Signaling with IRQ 15
[Mon Apr 13 08:57:50 2026] pcieport 0000:00:15.3: pciehp: Slot #163 AttnBtn+ PwrCtrl+ MRL- AttnInd- PwrInd- HotPlug+ Surprise- Interlock- NoCompl+ IbPresDis- LLActRep+
[Mon Apr 13 08:57:50 2026] pcieport 0000:00:15.4: PME: Signaling with IRQ 16
[Mon Apr 13 08:57:50 2026] pcieport 0000:00:15.4: pciehp: Slot #164 AttnBtn+ PwrCtrl+ MRL- AttnInd- PwrInd- HotPlug+ Surprise- Interlock- NoCompl+ IbPresDis- LLActRep+
[Mon Apr 13 08:57:50 2026] pcieport 0000:00:15.5: PME: Signaling with IRQ 17
[Mon Apr 13 08:57:50 2026] pcieport 0000:00:15.5: pciehp: Slot #165 AttnBtn+ PwrCtrl+ MRL- AttnInd- PwrInd- HotPlug+ Surprise- Interlock- NoCompl+ IbPresDis- LLActRep+
[Mon Apr 13 08:57:50 2026] pcieport 0000:00:15.6: PME: Signaling with IRQ 18
[Mon Apr 13 08:57:50 2026] pcieport 0000:00:15.6: pciehp: Slot #166 AttnBtn+ PwrCtrl+ MRL- AttnInd- PwrInd- HotPlug+ Surprise- Interlock- NoCompl+ IbPresDis- LLActRep+
[Mon Apr 13 08:57:50 2026] pcieport 0000:00:15.7: PME: Signaling with IRQ 19
[Mon Apr 13 08:57:50 2026] pcieport 0000:00:15.7: pciehp: Slot #167 AttnBtn+ PwrCtrl+ MRL- AttnInd- PwrInd- HotPlug+ Surprise- Interlock- NoCompl+ IbPresDis- LLActRep+
[Mon Apr 13 08:57:50 2026] pcieport 0000:00:16.0: PME: Signaling with IRQ 20
[Mon Apr 13 08:57:50 2026] pcieport 0000:00:16.0: pciehp: Slot #192 AttnBtn+ PwrCtrl+ MRL- AttnInd- PwrInd- HotPlug+ Surprise- Interlock- NoCompl+ IbPresDis- LLActRep+
[Mon Apr 13 08:57:50 2026] pcieport 0000:00:16.1: PME: Signaling with IRQ 21
[Mon Apr 13 08:57:50 2026] pcieport 0000:00:16.1: pciehp: Slot #193 AttnBtn+ PwrCtrl+ MRL- AttnInd- PwrInd- HotPlug+ Surprise- Interlock- NoCompl+ IbPresDis- LLActRep+
[Mon Apr 13 08:57:50 2026] pcieport 0000:00:16.2: PME: Signaling with IRQ 22
[Mon Apr 13 08:57:50 2026] pcieport 0000:00:16.2: pciehp: Slot #194 AttnBtn+ PwrCtrl+ MRL- AttnInd- PwrInd- HotPlug+ Surprise- Interlock- NoCompl+ IbPresDis- LLActRep+
[Mon Apr 13 08:57:50 2026] pcieport 0000:00:16.3: PME: Signaling with IRQ 23
[Mon Apr 13 08:57:50 2026] pcieport 0000:00:16.3: pciehp: Slot #195 AttnBtn+ PwrCtrl+ MRL- AttnInd- PwrInd- HotPlug+ Surprise- Interlock- NoCompl+ IbPresDis- LLActRep+
[Mon Apr 13 08:57:50 2026] pcieport 0000:00:16.4: PME: Signaling with IRQ 24
[Mon Apr 13 08:57:50 2026] pcieport 0000:00:16.4: pciehp: Slot #196 AttnBtn+ PwrCtrl+ MRL- AttnInd- PwrInd- HotPlug+ Surprise- Interlock- NoCompl+ IbPresDis- LLActRep+
[Mon Apr 13 08:57:50 2026] pcieport 0000:00:16.5: PME: Signaling with IRQ 25
[Mon Apr 13 08:57:50 2026] pcieport 0000:00:16.5: pciehp: Slot #197 AttnBtn+ PwrCtrl+ MRL- AttnInd- PwrInd- HotPlug+ Surprise- Interlock- NoCompl+ IbPresDis- LLActRep+
[Mon Apr 13 08:57:50 2026] pcieport 0000:00:16.6: PME: Signaling with IRQ 26
[Mon Apr 13 08:57:50 2026] pcieport 0000:00:16.6: pciehp: Slot #198 AttnBtn+ PwrCtrl+ MRL- AttnInd- PwrInd- HotPlug+ Surprise- Interlock- NoCompl+ IbPresDis- LLActRep+
[Mon Apr 13 08:57:50 2026] pcieport 0000:00:16.7: PME: Signaling with IRQ 27
[Mon Apr 13 08:57:50 2026] pcieport 0000:00:16.7: pciehp: Slot #199 AttnBtn+ PwrCtrl+ MRL- AttnInd- PwrInd- HotPlug+ Surprise- Interlock- NoCompl+ IbPresDis- LLActRep+
[Mon Apr 13 08:57:50 2026] pcieport 0000:00:17.0: PME: Signaling with IRQ 28
[Mon Apr 13 08:57:50 2026] pcieport 0000:00:17.0: pciehp: Slot #224 AttnBtn+ PwrCtrl+ MRL- AttnInd- PwrInd- HotPlug+ Surprise- Interlock- NoCompl+ IbPresDis- LLActRep+
[Mon Apr 13 08:57:50 2026] pcieport 0000:00:17.1: PME: Signaling with IRQ 29
[Mon Apr 13 08:57:50 2026] pcieport 0000:00:17.1: pciehp: Slot #225 AttnBtn+ PwrCtrl+ MRL- AttnInd- PwrInd- HotPlug+ Surprise- Interlock- NoCompl+ IbPresDis- LLActRep+
[Mon Apr 13 08:57:50 2026] pcieport 0000:00:17.2: PME: Signaling with IRQ 30
[Mon Apr 13 08:57:50 2026] pcieport 0000:00:17.2: pciehp: Slot #226 AttnBtn+ PwrCtrl+ MRL- AttnInd- PwrInd- HotPlug+ Surprise- Interlock- NoCompl+ IbPresDis- LLActRep+
[Mon Apr 13 08:57:50 2026] pcieport 0000:00:17.3: PME: Signaling with IRQ 31
[Mon Apr 13 08:57:50 2026] pcieport 0000:00:17.3: pciehp: Slot #227 AttnBtn+ PwrCtrl+ MRL- AttnInd- PwrInd- HotPlug+ Surprise- Interlock- NoCompl+ IbPresDis- LLActRep+
[Mon Apr 13 08:57:50 2026] pcieport 0000:00:17.4: PME: Signaling with IRQ 32
[Mon Apr 13 08:57:50 2026] pcieport 0000:00:17.4: pciehp: Slot #228 AttnBtn+ PwrCtrl+ MRL- AttnInd- PwrInd- HotPlug+ Surprise- Interlock- NoCompl+ IbPresDis- LLActRep+
[Mon Apr 13 08:57:50 2026] pcieport 0000:00:17.5: PME: Signaling with IRQ 33
[Mon Apr 13 08:57:50 2026] pcieport 0000:00:17.5: pciehp: Slot #229 AttnBtn+ PwrCtrl+ MRL- AttnInd- PwrInd- HotPlug+ Surprise- Interlock- NoCompl+ IbPresDis- LLActRep+
[Mon Apr 13 08:57:50 2026] pcieport 0000:00:17.6: PME: Signaling with IRQ 34
[Mon Apr 13 08:57:50 2026] pcieport 0000:00:17.6: pciehp: Slot #230 AttnBtn+ PwrCtrl+ MRL- AttnInd- PwrInd- HotPlug+ Surprise- Interlock- NoCompl+ IbPresDis- LLActRep+
[Mon Apr 13 08:57:50 2026] pcieport 0000:00:17.7: PME: Signaling with IRQ 35
[Mon Apr 13 08:57:50 2026] pcieport 0000:00:17.7: pciehp: Slot #231 AttnBtn+ PwrCtrl+ MRL- AttnInd- PwrInd- HotPlug+ Surprise- Interlock- NoCompl+ IbPresDis- LLActRep+
[Mon Apr 13 08:57:50 2026] pcieport 0000:00:18.0: PME: Signaling with IRQ 36
[Mon Apr 13 08:57:50 2026] pcieport 0000:00:18.0: pciehp: Slot #256 AttnBtn+ PwrCtrl+ MRL- AttnInd- PwrInd- HotPlug+ Surprise- Interlock- NoCompl+ IbPresDis- LLActRep+
[Mon Apr 13 08:57:50 2026] pcieport 0000:00:18.1: PME: Signaling with IRQ 37
[Mon Apr 13 08:57:50 2026] pcieport 0000:00:18.1: pciehp: Slot #257 AttnBtn+ PwrCtrl+ MRL- AttnInd- PwrInd- HotPlug+ Surprise- Interlock- NoCompl+ IbPresDis- LLActRep+
[Mon Apr 13 08:57:50 2026] pcieport 0000:00:18.2: PME: Signaling with IRQ 38
[Mon Apr 13 08:57:50 2026] pcieport 0000:00:18.2: pciehp: Slot #258 AttnBtn+ PwrCtrl+ MRL- AttnInd- PwrInd- HotPlug+ Surprise- Interlock- NoCompl+ IbPresDis- LLActRep+
[Mon Apr 13 08:57:50 2026] pcieport 0000:00:18.3: PME: Signaling with IRQ 39
[Mon Apr 13 08:57:50 2026] pcieport 0000:00:18.3: pciehp: Slot #259 AttnBtn+ PwrCtrl+ MRL- AttnInd- PwrInd- HotPlug+ Surprise- Interlock- NoCompl+ IbPresDis- LLActRep+
[Mon Apr 13 08:57:50 2026] pcieport 0000:00:18.4: PME: Signaling with IRQ 40
[Mon Apr 13 08:57:50 2026] pcieport 0000:00:18.4: pciehp: Slot #260 AttnBtn+ PwrCtrl+ MRL- AttnInd- PwrInd- HotPlug+ Surprise- Interlock- NoCompl+ IbPresDis- LLActRep+
[Mon Apr 13 08:57:50 2026] pcieport 0000:00:18.5: PME: Signaling with IRQ 41
[Mon Apr 13 08:57:50 2026] pcieport 0000:00:18.5: pciehp: Slot #261 AttnBtn+ PwrCtrl+ MRL- AttnInd- PwrInd- HotPlug+ Surprise- Interlock- NoCompl+ IbPresDis- LLActRep+
[Mon Apr 13 08:57:50 2026] pcieport 0000:00:18.6: PME: Signaling with IRQ 42
[Mon Apr 13 08:57:50 2026] pcieport 0000:00:18.6: pciehp: Slot #262 AttnBtn+ PwrCtrl+ MRL- AttnInd- PwrInd- HotPlug+ Surprise- Interlock- NoCompl+ IbPresDis- LLActRep+
[Mon Apr 13 08:57:50 2026] pcieport 0000:00:18.7: PME: Signaling with IRQ 43
[Mon Apr 13 08:57:50 2026] pcieport 0000:00:18.7: pciehp: Slot #263 AttnBtn+ PwrCtrl+ MRL- AttnInd- PwrInd- HotPlug+ Surprise- Interlock- NoCompl+ IbPresDis- LLActRep+
[Mon Apr 13 08:57:50 2026] shpchp: Standard Hot Plug PCI Controller Driver version: 0.4
[Mon Apr 13 08:57:50 2026] Serial: 8250/16550 driver, 32 ports, IRQ sharing enabled
[Mon Apr 13 08:57:50 2026] msm_serial: driver initialized
[Mon Apr 13 08:57:50 2026] SuperH (H)SCI(F) driver initialized
[Mon Apr 13 08:57:50 2026] loop: module loaded
[Mon Apr 13 08:57:50 2026] ACPI: bus type drm_connector registered
[Mon Apr 13 08:57:50 2026] tun: Universal TUN/TAP device driver, 1.6
[Mon Apr 13 08:57:50 2026] PPP generic driver version 2.4.2
[Mon Apr 13 08:57:50 2026] uhci_hcd 0000:01:00.0: init 0000:01:00.0 fail, -16
[Mon Apr 13 08:57:50 2026] uhci_hcd: probe of 0000:01:00.0 failed with error -16
[Mon Apr 13 08:57:50 2026] ehci-pci 0000:01:02.0: EHCI Host Controller
[Mon Apr 13 08:57:50 2026] ehci-pci 0000:01:02.0: new USB bus registered, assigned bus number 1
[Mon Apr 13 08:57:50 2026] mousedev: PS/2 mouse device common for all mice
[Mon Apr 13 08:57:50 2026] ehci-pci 0000:01:02.0: irq 45, io mem 0x3d408000
[Mon Apr 13 08:57:50 2026] rtc-efi rtc-efi.0: registered as rtc0
[Mon Apr 13 08:57:50 2026] rtc-efi rtc-efi.0: setting system clock to 2026-04-06T12:28:23 UTC (1775478503)
[Mon Apr 13 08:57:50 2026] i2c_dev: i2c /dev entries driver
[Mon Apr 13 08:57:50 2026] device-mapper: core: CONFIG_IMA_DISABLE_HTABLE is disabled. Duplicate IMA measurements will not be recorded in the IMA log.
[Mon Apr 13 08:57:50 2026] device-mapper: uevent: version 1.0.3
[Mon Apr 13 08:57:50 2026] device-mapper: ioctl: 4.48.0-ioctl (2023-03-01) initialised: dm-devel@redhat.com
[Mon Apr 13 08:57:50 2026] ledtrig-cpu: registered to indicate activity on CPUs
[Mon Apr 13 08:57:50 2026] [drm] Initialized simpledrm 1.0.0 20200625 for simple-framebuffer.0 on minor 0
[Mon Apr 13 08:57:50 2026] Console: switching to colour frame buffer device 128x48
[Mon Apr 13 08:57:50 2026] simple-framebuffer simple-framebuffer.0: [drm] fb0: simpledrmdrmfb frame buffer device
[Mon Apr 13 08:57:50 2026] drop_monitor: Initializing network drop monitor service
[Mon Apr 13 08:57:50 2026] NET: Registered PF_INET6 protocol family
[Mon Apr 13 08:57:50 2026] ehci-pci 0000:01:02.0: USB 2.0 started, EHCI 1.00
[Mon Apr 13 08:57:50 2026] usb usb1: New USB device found, idVendor=1d6b, idProduct=0002, bcdDevice= 6.08
[Mon Apr 13 08:57:50 2026] usb usb1: New USB device strings: Mfr=3, Product=2, SerialNumber=1
[Mon Apr 13 08:57:50 2026] usb usb1: Product: EHCI Host Controller
[Mon Apr 13 08:57:50 2026] usb usb1: Manufacturer: Linux 6.8.0-107-generic ehci_hcd
[Mon Apr 13 08:57:50 2026] usb usb1: SerialNumber: 0000:01:02.0
[Mon Apr 13 08:57:50 2026] hub 1-0:1.0: USB hub found
[Mon Apr 13 08:57:50 2026] hub 1-0:1.0: 6 ports detected
[Mon Apr 13 08:57:50 2026] Freeing initrd memory: 78204K
[Mon Apr 13 08:57:50 2026] Segment Routing with IPv6
[Mon Apr 13 08:57:50 2026] In-situ OAM (IOAM) with IPv6
[Mon Apr 13 08:57:50 2026] NET: Registered PF_PACKET protocol family
[Mon Apr 13 08:57:50 2026] Key type dns_resolver registered
[Mon Apr 13 08:57:50 2026] registered taskstats version 1
[Mon Apr 13 08:57:50 2026] Loading compiled-in X.509 certificates
[Mon Apr 13 08:57:50 2026] Loaded X.509 cert 'Build time autogenerated kernel key: 383499898a60c99164d2c06e4aaccebd7b6898f9'
[Mon Apr 13 08:57:50 2026] Loaded X.509 cert 'Canonical Ltd. Live Patch Signing 2025 Kmod: d541cef61dc7e793b7eb7e899970a2eef0b5dc8c'
[Mon Apr 13 08:57:50 2026] Loaded X.509 cert 'Canonical Ltd. Live Patch Signing: 14df34d1a87cf37625abec039ef2bf521249b969'
[Mon Apr 13 08:57:50 2026] Loaded X.509 cert 'Canonical Ltd. Kernel Module Signing: 88f752e560a1e0737e31163a466ad7b70a850c19'
[Mon Apr 13 08:57:50 2026] blacklist: Loading compiled-in revocation X.509 certificates
[Mon Apr 13 08:57:50 2026] Loaded X.509 cert 'Canonical Ltd. Secure Boot Signing: 61482aa2830d0ab2ad5af10b7250da9033ddcef0'
[Mon Apr 13 08:57:50 2026] Loaded X.509 cert 'Canonical Ltd. Secure Boot Signing (2017): 242ade75ac4a15e50d50c84b0d45ff3eae707a03'
[Mon Apr 13 08:57:50 2026] Loaded X.509 cert 'Canonical Ltd. Secure Boot Signing (ESM 2018): 365188c1d374d6b07c3c8f240f8ef722433d6a8b'
[Mon Apr 13 08:57:50 2026] Loaded X.509 cert 'Canonical Ltd. Secure Boot Signing (2019): c0746fd6c5da3ae827864651ad66ae47fe24b3e8'
[Mon Apr 13 08:57:50 2026] Loaded X.509 cert 'Canonical Ltd. Secure Boot Signing (2021 v1): a8d54bbb3825cfb94fa13c9f8a594a195c107b8d'
[Mon Apr 13 08:57:50 2026] Loaded X.509 cert 'Canonical Ltd. Secure Boot Signing (2021 v2): 4cf046892d6fd3c9a5b03f98d845f90851dc6a8c'
[Mon Apr 13 08:57:50 2026] Loaded X.509 cert 'Canonical Ltd. Secure Boot Signing (2021 v3): 100437bb6de6e469b581e61cd66bce3ef4ed53af'
[Mon Apr 13 08:57:50 2026] Loaded X.509 cert 'Canonical Ltd. Secure Boot Signing (Ubuntu Core 2019): c1d57b8f6b743f23ee41f4f7ee292f06eecadfb9'
[Mon Apr 13 08:57:50 2026] Key type .fscrypt registered
[Mon Apr 13 08:57:50 2026] Key type fscrypt-provisioning registered
[Mon Apr 13 08:57:50 2026] Key type encrypted registered
[Mon Apr 13 08:57:50 2026] AppArmor: AppArmor sha256 policy hashing enabled
[Mon Apr 13 08:57:50 2026] integrity: Loading X.509 certificate: UEFI:db
[Mon Apr 13 08:57:50 2026] integrity: Loaded X.509 cert 'VMware, Inc.: 4ad8ba0472073d28127706ddc6ccb9050441bbc7'
[Mon Apr 13 08:57:50 2026] integrity: Loading X.509 certificate: UEFI:db
[Mon Apr 13 08:57:50 2026] integrity: Loaded X.509 cert 'VMware, Inc.: VMware Secure Boot Signing: 04597f3e1ffb240bba0ff0f05d5eb05f3e15f6d7'
[Mon Apr 13 08:57:50 2026] integrity: Loading X.509 certificate: UEFI:db
[Mon Apr 13 08:57:50 2026] integrity: Loaded X.509 cert 'Microsoft Corporation UEFI CA 2011: 13adbf4309bd82709c8cd54f316ed522988a1bd4'
[Mon Apr 13 08:57:50 2026] integrity: Loading X.509 certificate: UEFI:db
[Mon Apr 13 08:57:50 2026] integrity: Loaded X.509 cert 'Microsoft Windows Production PCA 2011: a92902398e16c49778cd90f99e4f9ae17c55af53'
[Mon Apr 13 08:57:50 2026] integrity: Loading X.509 certificate: UEFI:db
[Mon Apr 13 08:57:50 2026] integrity: Loaded X.509 cert 'Microsoft Corporation: Windows UEFI CA 2023: aefc5fbbbe055d8f8daa585473499417ab5a5272'
[Mon Apr 13 08:57:50 2026] integrity: Loading X.509 certificate: UEFI:db
[Mon Apr 13 08:57:50 2026] integrity: Loaded X.509 cert 'Microsoft UEFI CA 2023: 81aa6b3244c935bce0d6628af39827421e32497d'
[Mon Apr 13 08:57:50 2026] integrity: Revoking X.509 certificate: UEFI:dbx
[Mon Apr 13 08:57:50 2026] blacklist: Revoked X.509 cert 'Debian Secure Boot Signer: 00a7468def'
[Mon Apr 13 08:57:50 2026] ima: secureboot mode disabled
[Mon Apr 13 08:57:50 2026] ima: No TPM chip found, activating TPM-bypass!
[Mon Apr 13 08:57:50 2026] Loading compiled-in module X.509 certificates
[Mon Apr 13 08:57:50 2026] Loaded X.509 cert 'Build time autogenerated kernel key: 383499898a60c99164d2c06e4aaccebd7b6898f9'
[Mon Apr 13 08:57:50 2026] ima: Allocated hash algorithm: sha256
[Mon Apr 13 08:57:50 2026] ima: No architecture policies found
[Mon Apr 13 08:57:50 2026] evm: Initialising EVM extended attributes:
[Mon Apr 13 08:57:50 2026] evm: security.selinux
[Mon Apr 13 08:57:50 2026] evm: security.SMACK64
[Mon Apr 13 08:57:50 2026] evm: security.SMACK64EXEC
[Mon Apr 13 08:57:50 2026] evm: security.SMACK64TRANSMUTE
[Mon Apr 13 08:57:50 2026] evm: security.SMACK64MMAP
[Mon Apr 13 08:57:50 2026] evm: security.apparmor
[Mon Apr 13 08:57:50 2026] evm: security.ima
[Mon Apr 13 08:57:50 2026] evm: security.capability
[Mon Apr 13 08:57:50 2026] evm: HMAC attrs: 0x1
[Mon Apr 13 08:57:50 2026] clk: Disabling unused clocks
[Mon Apr 13 08:57:50 2026] Freeing unused kernel memory: 12288K
[Mon Apr 13 08:57:50 2026] Checked W+X mappings: passed, no W+X pages found
[Mon Apr 13 08:57:50 2026] Run /init as init process
[Mon Apr 13 08:57:50 2026]   with arguments:
[Mon Apr 13 08:57:50 2026]     /init
[Mon Apr 13 08:57:50 2026]   with environment:
[Mon Apr 13 08:57:50 2026]     HOME=/
[Mon Apr 13 08:57:50 2026]     TERM=linux
[Mon Apr 13 08:57:50 2026] ahci 0000:01:03.0: version 3.0
[Mon Apr 13 08:57:50 2026] ahci 0000:01:03.0: AHCI 0001.0300 32 slots 30 ports 6 Gbps 0x3fffffff impl SATA mode
[Mon Apr 13 08:57:50 2026] ahci 0000:01:03.0: flags: 64bit ncq clo only 
[Mon Apr 13 08:57:50 2026] xhci_hcd 0000:0a:00.0: xHCI Host Controller
[Mon Apr 13 08:57:50 2026] xhci_hcd 0000:0a:00.0: new USB bus registered, assigned bus number 2
[Mon Apr 13 08:57:50 2026] xhci_hcd 0000:0a:00.0: hcc params 0x0388f081 hci version 0x120 quirks 0x0000000200000010
[Mon Apr 13 08:57:50 2026] xhci_hcd 0000:0a:00.0: xHCI Host Controller
[Mon Apr 13 08:57:50 2026] xhci_hcd 0000:0a:00.0: new USB bus registered, assigned bus number 3
[Mon Apr 13 08:57:50 2026] e1000e: Intel(R) PRO/1000 Network Driver
[Mon Apr 13 08:57:50 2026] e1000e: Copyright(c) 1999 - 2015 Intel Corporation.
[Mon Apr 13 08:57:50 2026] e1000e 0000:02:00.0: Interrupt Throttling Rate (ints/sec) set to dynamic conservative mode
[Mon Apr 13 08:57:50 2026] xhci_hcd 0000:0a:00.0: Host supports USB 3.2 Enhanced SuperSpeed
[Mon Apr 13 08:57:50 2026] usb usb2: New USB device found, idVendor=1d6b, idProduct=0002, bcdDevice= 6.08
[Mon Apr 13 08:57:50 2026] usb usb2: New USB device strings: Mfr=3, Product=2, SerialNumber=1
[Mon Apr 13 08:57:50 2026] usb usb2: Product: xHCI Host Controller
[Mon Apr 13 08:57:50 2026] usb usb2: Manufacturer: Linux 6.8.0-107-generic xhci-hcd
[Mon Apr 13 08:57:50 2026] usb usb2: SerialNumber: 0000:0a:00.0
[Mon Apr 13 08:57:50 2026] hub 2-0:1.0: USB hub found
[Mon Apr 13 08:57:50 2026] hub 2-0:1.0: 4 ports detected
[Mon Apr 13 08:57:50 2026] usb usb3: We don't know the algorithms for LPM for this host, disabling LPM.
[Mon Apr 13 08:57:50 2026] usb usb3: New USB device found, idVendor=1d6b, idProduct=0003, bcdDevice= 6.08
[Mon Apr 13 08:57:50 2026] usb usb3: New USB device strings: Mfr=3, Product=2, SerialNumber=1
[Mon Apr 13 08:57:50 2026] usb usb3: Product: xHCI Host Controller
[Mon Apr 13 08:57:50 2026] usb usb3: Manufacturer: Linux 6.8.0-107-generic xhci-hcd
[Mon Apr 13 08:57:50 2026] usb usb3: SerialNumber: 0000:0a:00.0
[Mon Apr 13 08:57:50 2026] hub 3-0:1.0: USB hub found
[Mon Apr 13 08:57:50 2026] scsi host0: ahci
[Mon Apr 13 08:57:50 2026] scsi host1: ahci
[Mon Apr 13 08:57:50 2026] hub 3-0:1.0: 4 ports detected
[Mon Apr 13 08:57:50 2026] scsi host2: ahci
[Mon Apr 13 08:57:50 2026] scsi host3: ahci
[Mon Apr 13 08:57:50 2026] scsi host4: ahci
[Mon Apr 13 08:57:50 2026] scsi host5: ahci
[Mon Apr 13 08:57:50 2026] nvme nvme0: pci function 0000:12:00.0
[Mon Apr 13 08:57:50 2026] nvme nvme0: 4/0/0 default/read/poll queues
[Mon Apr 13 08:57:50 2026] e1000e 0000:02:00.0 0000:02:00.0 (uninitialized): registered PHC clock
[Mon Apr 13 08:57:50 2026]  nvme0n1: p1 p2 p3
[Mon Apr 13 08:57:50 2026] scsi host6: ahci
[Mon Apr 13 08:57:50 2026] scsi host7: ahci
[Mon Apr 13 08:57:50 2026] scsi host8: ahci
[Mon Apr 13 08:57:50 2026] scsi host9: ahci
[Mon Apr 13 08:57:50 2026] scsi host10: ahci
[Mon Apr 13 08:57:50 2026] scsi host11: ahci
[Mon Apr 13 08:57:50 2026] scsi host12: ahci
[Mon Apr 13 08:57:50 2026] scsi host13: ahci
[Mon Apr 13 08:57:50 2026] scsi host14: ahci
[Mon Apr 13 08:57:50 2026] scsi host15: ahci
[Mon Apr 13 08:57:50 2026] scsi host16: ahci
[Mon Apr 13 08:57:50 2026] scsi host17: ahci
[Mon Apr 13 08:57:50 2026] scsi host18: ahci
[Mon Apr 13 08:57:50 2026] scsi host19: ahci
[Mon Apr 13 08:57:50 2026] scsi host20: ahci
[Mon Apr 13 08:57:50 2026] scsi host21: ahci
[Mon Apr 13 08:57:50 2026] scsi host22: ahci
[Mon Apr 13 08:57:50 2026] scsi host23: ahci
[Mon Apr 13 08:57:50 2026] e1000e 0000:02:00.0 eth0: (PCI Express:2.5GT/s:Width x1) 00:0c:29:22:7f:14
[Mon Apr 13 08:57:50 2026] e1000e 0000:02:00.0 eth0: Intel(R) PRO/1000 Network Connection
[Mon Apr 13 08:57:50 2026] e1000e 0000:02:00.0 eth0: MAC: 3, PHY: 8, PBA No: 000000-000
[Mon Apr 13 08:57:50 2026] scsi host24: ahci
[Mon Apr 13 08:57:50 2026] scsi host25: ahci
[Mon Apr 13 08:57:50 2026] e1000e 0000:02:00.0 ens160: renamed from eth0
[Mon Apr 13 08:57:50 2026] scsi host26: ahci
[Mon Apr 13 08:57:50 2026] scsi host27: ahci
[Mon Apr 13 08:57:50 2026] scsi host28: ahci
[Mon Apr 13 08:57:50 2026] scsi host29: ahci
[Mon Apr 13 08:57:50 2026] ata1: SATA max UDMA/133 abar m16384@0x3d404000 port 0x3d404100 irq 48 lpm-pol 0
[Mon Apr 13 08:57:50 2026] ata2: SATA max UDMA/133 abar m16384@0x3d404000 port 0x3d404180 irq 48 lpm-pol 0
[Mon Apr 13 08:57:50 2026] ata3: SATA max UDMA/133 abar m16384@0x3d404000 port 0x3d404200 irq 48 lpm-pol 0
[Mon Apr 13 08:57:50 2026] ata4: SATA max UDMA/133 abar m16384@0x3d404000 port 0x3d404280 irq 48 lpm-pol 0
[Mon Apr 13 08:57:50 2026] ata5: SATA max UDMA/133 abar m16384@0x3d404000 port 0x3d404300 irq 48 lpm-pol 0
[Mon Apr 13 08:57:50 2026] ata6: SATA max UDMA/133 abar m16384@0x3d404000 port 0x3d404380 irq 48 lpm-pol 0
[Mon Apr 13 08:57:50 2026] ata7: SATA max UDMA/133 abar m16384@0x3d404000 port 0x3d404400 irq 48 lpm-pol 0
[Mon Apr 13 08:57:50 2026] ata8: SATA max UDMA/133 abar m16384@0x3d404000 port 0x3d404480 irq 48 lpm-pol 0
[Mon Apr 13 08:57:50 2026] ata9: SATA max UDMA/133 abar m16384@0x3d404000 port 0x3d404500 irq 48 lpm-pol 0
[Mon Apr 13 08:57:50 2026] ata10: SATA max UDMA/133 abar m16384@0x3d404000 port 0x3d404580 irq 48 lpm-pol 0
[Mon Apr 13 08:57:50 2026] ata11: SATA max UDMA/133 abar m16384@0x3d404000 port 0x3d404600 irq 48 lpm-pol 0
[Mon Apr 13 08:57:50 2026] ata12: SATA max UDMA/133 abar m16384@0x3d404000 port 0x3d404680 irq 48 lpm-pol 0
[Mon Apr 13 08:57:50 2026] ata13: SATA max UDMA/133 abar m16384@0x3d404000 port 0x3d404700 irq 48 lpm-pol 0
[Mon Apr 13 08:57:50 2026] ata14: SATA max UDMA/133 abar m16384@0x3d404000 port 0x3d404780 irq 48 lpm-pol 0
[Mon Apr 13 08:57:50 2026] ata15: SATA max UDMA/133 abar m16384@0x3d404000 port 0x3d404800 irq 48 lpm-pol 0
[Mon Apr 13 08:57:50 2026] ata16: SATA max UDMA/133 abar m16384@0x3d404000 port 0x3d404880 irq 48 lpm-pol 0
[Mon Apr 13 08:57:50 2026] ata17: SATA max UDMA/133 abar m16384@0x3d404000 port 0x3d404900 irq 48 lpm-pol 0
[Mon Apr 13 08:57:50 2026] ata18: SATA max UDMA/133 abar m16384@0x3d404000 port 0x3d404980 irq 48 lpm-pol 0
[Mon Apr 13 08:57:50 2026] ata19: SATA max UDMA/133 abar m16384@0x3d404000 port 0x3d404a00 irq 48 lpm-pol 0
[Mon Apr 13 08:57:50 2026] ata20: SATA max UDMA/133 abar m16384@0x3d404000 port 0x3d404a80 irq 48 lpm-pol 0
[Mon Apr 13 08:57:50 2026] ata21: SATA max UDMA/133 abar m16384@0x3d404000 port 0x3d404b00 irq 48 lpm-pol 0
[Mon Apr 13 08:57:50 2026] ata22: SATA max UDMA/133 abar m16384@0x3d404000 port 0x3d404b80 irq 48 lpm-pol 0
[Mon Apr 13 08:57:50 2026] ata23: SATA max UDMA/133 abar m16384@0x3d404000 port 0x3d404c00 irq 48 lpm-pol 0
[Mon Apr 13 08:57:50 2026] ata24: SATA max UDMA/133 abar m16384@0x3d404000 port 0x3d404c80 irq 48 lpm-pol 0
[Mon Apr 13 08:57:50 2026] ata25: SATA max UDMA/133 abar m16384@0x3d404000 port 0x3d404d00 irq 48 lpm-pol 0
[Mon Apr 13 08:57:50 2026] ata26: SATA max UDMA/133 abar m16384@0x3d404000 port 0x3d404d80 irq 48 lpm-pol 0
[Mon Apr 13 08:57:50 2026] ata27: SATA max UDMA/133 abar m16384@0x3d404000 port 0x3d404e00 irq 48 lpm-pol 0
[Mon Apr 13 08:57:50 2026] ata28: SATA max UDMA/133 abar m16384@0x3d404000 port 0x3d404e80 irq 48 lpm-pol 0
[Mon Apr 13 08:57:50 2026] ata29: SATA max UDMA/133 abar m16384@0x3d404000 port 0x3d404f00 irq 48 lpm-pol 0
[Mon Apr 13 08:57:50 2026] ata30: SATA max UDMA/133 abar m16384@0x3d404000 port 0x3d404f80 irq 48 lpm-pol 0
[Mon Apr 13 08:57:50 2026] usb 2-1: new full-speed USB device number 2 using xhci_hcd
[Mon Apr 13 08:57:50 2026] usb 2-1: New USB device found, idVendor=0e0f, idProduct=0003, bcdDevice= 1.02
[Mon Apr 13 08:57:50 2026] usb 2-1: New USB device strings: Mfr=1, Product=2, SerialNumber=0
[Mon Apr 13 08:57:50 2026] usb 2-1: Product: VMware Virtual USB Mouse
[Mon Apr 13 08:57:50 2026] usb 2-1: Manufacturer: VMware
[Mon Apr 13 08:57:50 2026] ata20: SATA link down (SStatus 0 SControl 300)
[Mon Apr 13 08:57:50 2026] ata16: SATA link down (SStatus 0 SControl 300)
[Mon Apr 13 08:57:50 2026] ata10: SATA link down (SStatus 0 SControl 300)
[Mon Apr 13 08:57:50 2026] ata9: SATA link down (SStatus 0 SControl 300)
[Mon Apr 13 08:57:50 2026] ata18: SATA link down (SStatus 0 SControl 300)
[Mon Apr 13 08:57:50 2026] ata8: SATA link down (SStatus 0 SControl 300)
[Mon Apr 13 08:57:50 2026] ata19: SATA link down (SStatus 0 SControl 300)
[Mon Apr 13 08:57:50 2026] ata7: SATA link down (SStatus 0 SControl 300)
[Mon Apr 13 08:57:50 2026] ata15: SATA link down (SStatus 0 SControl 300)
[Mon Apr 13 08:57:50 2026] ata4: SATA link down (SStatus 0 SControl 300)
[Mon Apr 13 08:57:50 2026] ata3: SATA link down (SStatus 0 SControl 300)
[Mon Apr 13 08:57:50 2026] ata12: SATA link down (SStatus 0 SControl 300)
[Mon Apr 13 08:57:50 2026] ata5: SATA link down (SStatus 0 SControl 300)
[Mon Apr 13 08:57:50 2026] ata17: SATA link down (SStatus 0 SControl 300)
[Mon Apr 13 08:57:50 2026] ata2: SATA link up 6.0 Gbps (SStatus 133 SControl 300)
[Mon Apr 13 08:57:50 2026] ata11: SATA link down (SStatus 0 SControl 300)
[Mon Apr 13 08:57:50 2026] ata2.00: ATAPI: VMware Virtual SATA CDRW Drive, 00000001, max UDMA/33
[Mon Apr 13 08:57:50 2026] ata1: SATA link down (SStatus 0 SControl 300)
[Mon Apr 13 08:57:50 2026] ata2.00: configured for UDMA/33
[Mon Apr 13 08:57:50 2026] ata6: SATA link down (SStatus 0 SControl 300)
[Mon Apr 13 08:57:50 2026] ata14: SATA link down (SStatus 0 SControl 300)
[Mon Apr 13 08:57:50 2026] scsi 1:0:0:0: CD-ROM            NECVMWar VMware SATA CD01 1.00 PQ: 0 ANSI: 5
[Mon Apr 13 08:57:50 2026] ata13: SATA link down (SStatus 0 SControl 300)
[Mon Apr 13 08:57:50 2026] ata22: SATA link down (SStatus 0 SControl 300)
[Mon Apr 13 08:57:50 2026] ata29: SATA link down (SStatus 0 SControl 300)
[Mon Apr 13 08:57:50 2026] ata23: SATA link down (SStatus 0 SControl 300)
[Mon Apr 13 08:57:50 2026] ata28: SATA link down (SStatus 0 SControl 300)
[Mon Apr 13 08:57:50 2026] ata21: SATA link down (SStatus 0 SControl 300)
[Mon Apr 13 08:57:50 2026] ata24: SATA link down (SStatus 0 SControl 300)
[Mon Apr 13 08:57:50 2026] ata30: SATA link down (SStatus 0 SControl 300)
[Mon Apr 13 08:57:50 2026] ata25: SATA link down (SStatus 0 SControl 300)
[Mon Apr 13 08:57:50 2026] ata26: SATA link down (SStatus 0 SControl 300)
[Mon Apr 13 08:57:50 2026] ata27: SATA link down (SStatus 0 SControl 300)
[Mon Apr 13 08:57:50 2026] sr 1:0:0:0: [sr0] scsi3-mmc drive: 1x/1x writer dvd-ram cd/rw xa/form2 cdda tray
[Mon Apr 13 08:57:50 2026] cdrom: Uniform CD-ROM driver Revision: 3.20
[Mon Apr 13 08:57:51 2026] sr 1:0:0:0: Attached scsi CD-ROM sr0
[Mon Apr 13 08:57:51 2026] sr 1:0:0:0: Attached scsi generic sg0 type 5
[Mon Apr 13 08:57:51 2026] usb 2-3: new full-speed USB device number 3 using xhci_hcd
[Mon Apr 13 08:57:51 2026] usb 2-3: New USB device found, idVendor=0e0f, idProduct=0002, bcdDevice= 1.00
[Mon Apr 13 08:57:51 2026] usb 2-3: New USB device strings: Mfr=1, Product=2, SerialNumber=0
[Mon Apr 13 08:57:51 2026] usb 2-3: Product: VMware Virtual USB Hub
[Mon Apr 13 08:57:51 2026] usb 2-3: Manufacturer: VMware, Inc.
[Mon Apr 13 08:57:51 2026] hub 2-3:1.0: USB hub found
[Mon Apr 13 08:57:51 2026] hub 2-3:1.0: 7 ports detected
[Mon Apr 13 08:57:51 2026] usb 2-4: new high-speed USB device number 4 using xhci_hcd
[Mon Apr 13 08:57:51 2026] usb 2-4: New USB device found, idVendor=0e0f, idProduct=0002, bcdDevice= 1.00
[Mon Apr 13 08:57:51 2026] usb 2-4: New USB device strings: Mfr=1, Product=2, SerialNumber=0
[Mon Apr 13 08:57:51 2026] usb 2-4: Product: VMware Virtual USB Hub
[Mon Apr 13 08:57:51 2026] usb 2-4: Manufacturer: VMware, Inc.
[Mon Apr 13 08:57:51 2026] hub 2-4:1.0: USB hub found
[Mon Apr 13 08:57:51 2026] hub 2-4:1.0: 7 ports detected
[Mon Apr 13 08:57:51 2026] hid: raw HID events driver (C) Jiri Kosina
[Mon Apr 13 08:57:51 2026] usbcore: registered new interface driver usbhid
[Mon Apr 13 08:57:51 2026] usbhid: USB HID core driver
